 memoryjs

 Timestamp is 5b64c97a (Fri Aug  3 18:30:34 2018)

 Preferred load address is 0000000180000000

 Start         Length     Name                   Class
 0001:00000000 00000030H .text$di                CODE
 0001:00000030 0000fdc0H .text$mn                CODE
 0001:0000fdf0 00000020H .text$mn$00             CODE
 0001:0000fe10 00000260H .text$x                 CODE
 0001:00010070 00000023H .text$yd                CODE
 0002:00000000 00000290H .idata$5                DATA
 0002:00000290 00000010H .00cfg                  DATA
 0002:000002a0 00000008H .CRT$XCA                DATA
 0002:000002a8 00000020H .CRT$XCU                DATA
 0002:000002c8 00000008H .CRT$XCZ                DATA
 0002:000002d0 00000008H .CRT$XIA                DATA
 0002:000002d8 00000018H .CRT$XIC                DATA
 0002:000002f0 00000008H .CRT$XIZ                DATA
 0002:000002f8 00000008H .CRT$XPA                DATA
 0002:00000300 00000010H .CRT$XPX                DATA
 0002:00000310 00000008H .CRT$XPXA               DATA
 0002:00000318 00000008H .CRT$XPZ                DATA
 0002:00000320 00000008H .CRT$XTA                DATA
 0002:00000328 00000008H .CRT$XTZ                DATA
 0002:00000330 00007828H .rdata                  DATA
 0002:00007b58 00000384H .rdata$r                DATA
 0002:00007edc 0000040cH .rdata$zzzdbg           DATA
 0002:000082e8 00000008H .rtc$IAA                DATA
 0002:000082f0 00000008H .rtc$IZZ                DATA
 0002:000082f8 00000008H .rtc$TAA                DATA
 0002:00008300 00000008H .rtc$TZZ                DATA
 0002:00008308 00000f70H .xdata                  DATA
 0002:00009278 000001e4H .xdata$x                DATA
 0002:0000945c 00000020H .didat$2                DATA
 0002:0000947c 00000024H .didat$3                DATA
 0002:000094a0 000000e0H .didat$4                DATA
 0002:00009580 000005f0H .didat$6                DATA
 0002:00009b70 000000e0H .didat$7                DATA
 0002:00009c50 00000054H .edata                  DATA
 0002:00009ca4 00000014H .idata$2                DATA
 0002:00009cb8 00000018H .idata$3                DATA
 0002:00009cd0 00000290H .idata$4                DATA
 0002:00009f60 000005f4H .idata$6                DATA
 0003:00000000 00000920H .data                   DATA
 0003:00000920 00000118H .data$r                 DATA
 0003:00000a38 000000e8H .didat$5                DATA
 0003:00000b20 000011e8H .bss                    DATA
 0004:00000000 0000111cH .pdata                  DATA
 0005:00000000 00000080H .gfids$x                DATA
 0005:00000080 00000048H .gfids$y                DATA
 0006:00000000 00000060H .rsrc$01                DATA
 0006:00000060 00000180H .rsrc$02                DATA

  Address         Publics by Value              Rva+Base               Lib:Object

 0000:00000000       __guard_iat_count          0000000000000000     <absolute>
 0000:00000000       __dynamic_value_reloc_table 0000000000000000     <absolute>
 0000:00000000       __guard_iat_table          0000000000000000     <absolute>
 0000:00000000       __guard_longjmp_table      0000000000000000     <absolute>
 0000:00000000       __guard_longjmp_count      0000000000000000     <absolute>
 0000:00000000       __guard_fids_count         0000000000000000     <absolute>
 0000:00000000       ___safe_se_handler_table   0000000000000000     <absolute>
 0000:00000000       ___safe_se_handler_count   0000000000000000     <absolute>
 0000:00000000       __guard_fids_table         0000000000000000     <absolute>
 0000:00000100       __guard_flags              0000000000000100     <absolute>
 0000:00000000       __ImageBase                0000000180000000     <linker-defined>
 0001:00000030       ?NODE_SET_METHOD@node@@YAXV?$Local@VObject@v8@@@v8@@PEBDP6AXAEBV?$FunctionCallbackInfo@VValue@v8@@@3@@Z@Z 0000000180001030 f i memoryjs.obj
 0001:00000110       ?throwError@memoryjs@@SAXPEADPEAVIsolate@v8@@@Z 0000000180001110 f   memoryjs.obj
 0001:00000160       ?openProcess@@YAXAEBV?$FunctionCallbackInfo@VValue@v8@@@v8@@@Z 0000000180001160 f   memoryjs.obj
 0001:00000880       ?closeProcess@@YAXAEBV?$FunctionCallbackInfo@VValue@v8@@@v8@@@Z 0000000180001880 f   memoryjs.obj
 0001:00000970       ?getProcesses@@YAXAEBV?$FunctionCallbackInfo@VValue@v8@@@v8@@@Z 0000000180001970 f   memoryjs.obj
 0001:00000dd0       ?getModules@@YAXAEBV?$FunctionCallbackInfo@VValue@v8@@@v8@@@Z 0000000180001dd0 f   memoryjs.obj
 0001:000012f0       ?findModule@@YAXAEBV?$FunctionCallbackInfo@VValue@v8@@@v8@@@Z 00000001800022f0 f   memoryjs.obj
 0001:000018f0       ?readMemory@@YAXAEBV?$FunctionCallbackInfo@VValue@v8@@@v8@@@Z 00000001800028f0 f   memoryjs.obj
 0001:000027e0       ?writeMemory@@YAXAEBV?$FunctionCallbackInfo@VValue@v8@@@v8@@@Z 00000001800037e0 f   memoryjs.obj
 0001:00003270       ?findPattern@@YAXAEBV?$FunctionCallbackInfo@VValue@v8@@@v8@@@Z 0000000180004270 f   memoryjs.obj
 0001:000038e0       ?init@@YAXV?$Local@VObject@v8@@@v8@@@Z 00000001800048e0 f   memoryjs.obj
 0001:000039c0       ??1?$basic_string@DU?$char_traits@D@std@@V?$allocator@D@2@@std@@QEAA@XZ 00000001800049c0 f i memoryjs.obj
 0001:00003a50       ?assign@?$basic_string@DU?$char_traits@D@std@@V?$allocator@D@2@@std@@QEAAAEAV12@PEBD_K@Z 0000000180004a50 f i memoryjs.obj
 0001:00003b80       ?assign@?$basic_string@DU?$char_traits@D@std@@V?$allocator@D@2@@std@@QEAAAEAV12@AEBV12@_K1@Z 0000000180004b80 f i memoryjs.obj
 0001:00003cb0       ?_Reallocate@?$vector@DV?$allocator@D@std@@@std@@IEAAX_K@Z 0000000180004cb0 f i memoryjs.obj
 0001:00003db0       ?erase@?$basic_string@DU?$char_traits@D@std@@V?$allocator@D@2@@std@@QEAAAEAV12@_K0@Z 0000000180004db0 f i memoryjs.obj
 0001:00003e50       ?_Copy@?$basic_string@DU?$char_traits@D@std@@V?$allocator@D@2@@std@@QEAAX_K0@Z 0000000180004e50 f i memoryjs.obj
 0001:00003fd0       ?openProcess@process@@QEAA?AUPair@1@PEBDPEAPEAD@Z 0000000180004fd0 f   process.obj
 0001:00004260       ?openProcess@process@@QEAA?AUPair@1@KPEAPEAD@Z 0000000180005260 f   process.obj
 0001:000044d0       ?getProcesses@process@@QEAA?AV?$vector@UtagPROCESSENTRY32@@V?$allocator@UtagPROCESSENTRY32@@@std@@@std@@PEAPEAD@Z 00000001800054d0 f   process.obj
 0001:00004730       ?_Reserve@?$vector@UtagPROCESSENTRY32@@V?$allocator@UtagPROCESSENTRY32@@@std@@@std@@IEAAX_K@Z 0000000180005730 f i process.obj
 0001:00004800       ?_Reallocate@?$vector@UtagPROCESSENTRY32@@V?$allocator@UtagPROCESSENTRY32@@@std@@@std@@IEAAX_K@Z 0000000180005800 f i process.obj
 0001:00004980       ?findModule@module@@QEAA?AUtagMODULEENTRY32@@PEBDKPEAPEAD@Z 0000000180005980 f   module.obj
 0001:00004b50       ?getModules@module@@QEAA?AV?$vector@UtagMODULEENTRY32@@V?$allocator@UtagMODULEENTRY32@@@std@@@std@@KPEAPEAD@Z 0000000180005b50 f   module.obj
 0001:00004db0       ?_Reserve@?$vector@UtagMODULEENTRY32@@V?$allocator@UtagMODULEENTRY32@@@std@@@std@@IEAAX_K@Z 0000000180005db0 f i module.obj
 0001:00004e80       ?_Reallocate@?$vector@UtagMODULEENTRY32@@V?$allocator@UtagMODULEENTRY32@@@std@@@std@@IEAAX_K@Z 0000000180005e80 f i module.obj
 0001:00005000       ?findPattern@pattern@@QEAA_KPEAXUtagMODULEENTRY32@@PEBDF_K3@Z 0000000180006000 f   pattern.obj
 0001:0000528c       __imp_load_?ThrowException@Isolate@v8@@QEAA?AV?$Local@VValue@v8@@@2@V32@@Z 000000018000628c f   node:node.exe
 0001:00005298       __tailMerge_node_exe       0000000180006298 f i node:node.exe
 0001:00005311       __imp_load_?GetCurrent@Isolate@v8@@SAPEAV12@XZ 0000000180006311 f   node:node.exe
 0001:0000531d       __imp_load_??1HandleScope@v8@@QEAA@XZ 000000018000631d f   node:node.exe
 0001:00005329       __imp_load_??0HandleScope@v8@@QEAA@PEAVIsolate@1@@Z 0000000180006329 f   node:node.exe
 0001:00005335       __imp_load_?TypeError@Exception@v8@@SA?AV?$Local@VValue@v8@@@2@V?$Local@VString@v8@@@2@@Z 0000000180006335 f   node:node.exe
 0001:00005341       __imp_load_?New@Array@v8@@SA?AV?$Local@VArray@v8@@@2@PEAVIsolate@2@H@Z 0000000180006341 f   node:node.exe
 0001:0000534d       __imp_load_?GetFunction@FunctionTemplate@v8@@QEAA?AV?$Local@VFunction@v8@@@2@XZ 000000018000634d f   node:node.exe
 0001:00005359       __imp_load_?New@FunctionTemplate@v8@@SA?AV?$Local@VFunctionTemplate@v8@@@2@PEAVIsolate@2@P6AXAEBV?$FunctionCallbackInfo@VValue@v8@@@2@@ZV?$Local@VValue@v8@@@2@V?$Local@VSignature@v8@@@2@HW4ConstructorBehavior@2@@Z 0000000180006359 f   node:node.exe
 0001:00005365       __imp_load_?Int32Value@Value@v8@@QEBAHXZ 0000000180006365 f   node:node.exe
 0001:00005371       __imp_load_?Uint32Value@Value@v8@@QEBAIXZ 0000000180006371 f   node:node.exe
 0001:0000537d       __imp_load_?IntegerValue@Value@v8@@QEBA_JXZ 000000018000637d f   node:node.exe
 0001:00005389       __imp_load_?NumberValue@Value@v8@@QEBANXZ 0000000180006389 f   node:node.exe
 0001:00005395       __imp_load_?BooleanValue@Value@v8@@QEBA_NXZ 0000000180006395 f   node:node.exe
 0001:000053a1       __imp_load_?IsNumber@Value@v8@@QEBA_NXZ 00000001800063a1 f   node:node.exe
 0001:000053ad       __imp_load_?IsFunction@Value@v8@@QEBA_NXZ 00000001800063ad f   node:node.exe
 0001:000053b9       __imp_load_??1Utf8Value@String@v8@@QEAA@XZ 00000001800063b9 f   node:node.exe
 0001:000053c5       __imp_load_??0Utf8Value@String@v8@@QEAA@V?$Local@VValue@v8@@@2@@Z 00000001800063c5 f   node:node.exe
 0001:000053d1       __imp_load_?NewFromUtf8@String@v8@@SA?AV?$Local@VString@v8@@@2@PEAVIsolate@2@PEBDW4NewStringType@12@H@Z 00000001800063d1 f   node:node.exe
 0001:000053dd       __imp_load_?New@Number@v8@@SA?AV?$Local@VNumber@v8@@@2@PEAVIsolate@2@N@Z 00000001800063dd f   node:node.exe
 0001:000053e9       __imp_load_?New@Object@v8@@SA?AV?$Local@VObject@v8@@@2@PEAVIsolate@2@@Z 00000001800063e9 f   node:node.exe
 0001:000053f5       __imp_load_?Get@Object@v8@@QEAA?AV?$Local@VValue@v8@@@2@V32@@Z 00000001800063f5 f   node:node.exe
 0001:00005401       __imp_load_?Set@Object@v8@@QEAA_NV?$Local@VValue@v8@@@2@0@Z 0000000180006401 f   node:node.exe
 0001:0000540d       __imp_load_?Set@Object@v8@@QEAA_NIV?$Local@VValue@v8@@@2@@Z 000000018000640d f   node:node.exe
 0001:00005419       __imp_load_?SetName@Function@v8@@QEAAXV?$Local@VString@v8@@@2@@Z 0000000180006419 f   node:node.exe
 0001:00005425       __imp_load_?Call@Function@v8@@QEAA?AV?$Local@VValue@v8@@@2@V32@HQEAV32@@Z 0000000180006425 f   node:node.exe
 0001:00005431       __imp_load_node_module_register 0000000180006431 f   node:node.exe
 0001:0000543d       __imp_load_?ToString@Value@v8@@QEBA?AV?$Local@VString@v8@@@2@XZ 000000018000643d f   node:node.exe
 0001:0000544c       ??0bad_alloc@std@@QEAA@AEBV01@@Z 000000018000644c f i libcpmt:xthrow.obj
 0001:0000548c       ??0bad_alloc@std@@QEAA@XZ  000000018000648c f i libcpmt:xthrow.obj
 0001:000054ac       ??0exception@std@@QEAA@AEBV01@@Z 00000001800064ac f i libcpmt:xthrow.obj
 0001:000054e4       ??0length_error@std@@QEAA@AEBV01@@Z 00000001800064e4 f i libcpmt:xthrow.obj
 0001:00005524       ??0length_error@std@@QEAA@PEBD@Z 0000000180006524 f i libcpmt:xthrow.obj
 0001:00005570       ??0logic_error@std@@QEAA@AEBV01@@Z 0000000180006570 f i libcpmt:xthrow.obj
 0001:000055b0       ??0out_of_range@std@@QEAA@AEBV01@@Z 00000001800065b0 f i libcpmt:xthrow.obj
 0001:000055f0       ??0out_of_range@std@@QEAA@PEBD@Z 00000001800065f0 f i libcpmt:xthrow.obj
 0001:0000563c       ??1out_of_range@std@@UEAA@XZ 000000018000663c f i libcpmt:xthrow.obj
 0001:0000563c       ??1length_error@std@@UEAA@XZ 000000018000663c f i libcpmt:xthrow.obj
 0001:0000563c       ??1bad_alloc@std@@UEAA@XZ  000000018000663c f i libcpmt:xthrow.obj
 0001:0000563c       ??1bad_array_new_length@std@@UEAA@XZ 000000018000663c f i LIBCMT:throw_bad_alloc.obj
 0001:00005650       ??_Gexception@std@@UEAAPEAXI@Z 0000000180006650 f i libcpmt:xthrow.obj
 0001:00005650       ??_Gbad_array_new_length@std@@UEAAPEAXI@Z 0000000180006650 f i LIBCMT:throw_bad_alloc.obj
 0001:00005650       ??_Gbad_alloc@std@@UEAAPEAXI@Z 0000000180006650 f i libcpmt:xthrow.obj
 0001:00005650       ??_Glength_error@std@@UEAAPEAXI@Z 0000000180006650 f i libcpmt:xthrow.obj
 0001:00005650       ??_Gout_of_range@std@@UEAAPEAXI@Z 0000000180006650 f i libcpmt:xthrow.obj
 0001:00005650       ??_Ebad_array_new_length@std@@UEAAPEAXI@Z 0000000180006650 f i LIBCMT:throw_bad_alloc.obj
 0001:00005650       ??_Elogic_error@std@@UEAAPEAXI@Z 0000000180006650 f i libcpmt:xthrow.obj
 0001:00005650       ??_Ebad_alloc@std@@UEAAPEAXI@Z 0000000180006650 f i libcpmt:xthrow.obj
 0001:00005650       ??_Glogic_error@std@@UEAAPEAXI@Z 0000000180006650 f i libcpmt:xthrow.obj
 0001:00005650       ??_Eout_of_range@std@@UEAAPEAXI@Z 0000000180006650 f i libcpmt:xthrow.obj
 0001:00005650       ??_Elength_error@std@@UEAAPEAXI@Z 0000000180006650 f i libcpmt:xthrow.obj
 0001:00005650       ??_Eexception@std@@UEAAPEAXI@Z 0000000180006650 f i libcpmt:xthrow.obj
 0001:00005694       ?_Xbad_alloc@std@@YAXXZ    0000000180006694 f   libcpmt:xthrow.obj
 0001:00005694       ?__scrt_throw_std_bad_alloc@@YAXXZ 0000000180006694 f   LIBCMT:throw_bad_alloc.obj
 0001:000056b4       ?_Xlength_error@std@@YAXPEBD@Z 00000001800066b4 f   libcpmt:xthrow.obj
 0001:000056d8       ?_Xout_of_range@std@@YAXPEBD@Z 00000001800066d8 f   libcpmt:xthrow.obj
 0001:000056fc       ?what@exception@std@@UEBAPEBDXZ 00000001800066fc f i libcpmt:xthrow.obj
 0001:00005720       __security_check_cookie    0000000180006720 f   LIBCMT:_amdsecgs_.obj
 0001:00005744       ??2@YAPEAX_K@Z             0000000180006744 f   LIBCMT:new_scalar.obj
 0001:00005780       __scrt_acquire_startup_lock 0000000180006780 f   LIBCMT:utility.obj
 0001:000057bc       __scrt_dllmain_after_initialize_c 00000001800067bc f   LIBCMT:utility.obj
 0001:000057f0       __scrt_dllmain_before_initialize_c 00000001800067f0 f   LIBCMT:utility.obj
 0001:00005808       __scrt_dllmain_crt_thread_attach 0000000180006808 f   LIBCMT:utility.obj
 0001:00005830       __scrt_dllmain_crt_thread_detach 0000000180006830 f   LIBCMT:utility.obj
 0001:00005848       __scrt_dllmain_exception_filter 0000000180006848 f   LIBCMT:utility.obj
 0001:000058ac       __scrt_dllmain_uninitialize_c 00000001800068ac f   LIBCMT:utility.obj
 0001:000058dc       __scrt_dllmain_uninitialize_critical 00000001800068dc f   LIBCMT:utility.obj
 0001:000058f0       __scrt_initialize_crt      00000001800068f0 f   LIBCMT:utility.obj
 0001:0000593c       __scrt_initialize_onexit_tables 000000018000693c f   LIBCMT:utility.obj
 0001:00005a08       __scrt_is_nonwritable_in_current_image 0000000180006a08 f   LIBCMT:utility.obj
 0001:00005aa4       __scrt_release_startup_lock 0000000180006aa4 f   LIBCMT:utility.obj
 0001:00005ac8       __scrt_uninitialize_crt    0000000180006ac8 f   LIBCMT:utility.obj
 0001:00005af4       _onexit                    0000000180006af4 f   LIBCMT:utility.obj
 0001:00005b44       atexit                     0000000180006b44 f   LIBCMT:utility.obj
 0001:00005b5c       ??3@YAXPEAX@Z              0000000180006b5c f   LIBCMT:delete_scalar.obj
 0001:00005eb0       _DllMainCRTStartup         0000000180006eb0 f   LIBCMT:dll_dllmain.obj
 0001:00005ef0       ??3@YAXPEAX_K@Z            0000000180006ef0 f   LIBCMT:delete_scalar_size.obj
 0001:00005ef8       ??_Gtype_info@@UEAAPEAXI@Z 0000000180006ef8 f i LIBCMT:std_type_info_static.obj
 0001:00005ef8       ??_Etype_info@@UEAAPEAXI@Z 0000000180006ef8 f i LIBCMT:std_type_info_static.obj
 0001:00005f24       __raise_securityfailure    0000000180006f24 f   LIBCMT:gs_report.obj
 0001:00005f58       __report_gsfailure         0000000180006f58 f   LIBCMT:gs_report.obj
 0001:0000602c       __report_rangecheckfailure 000000018000702c f   LIBCMT:gs_report.obj
 0001:00006040       __report_securityfailure   0000000180007040 f   LIBCMT:gs_report.obj
 0001:000061c0       ??0bad_array_new_length@std@@QEAA@AEBV01@@Z 00000001800071c0 f i LIBCMT:throw_bad_alloc.obj
 0001:00006200       ??0bad_array_new_length@std@@QEAA@XZ 0000000180007200 f i LIBCMT:throw_bad_alloc.obj
 0001:00006220       ?__scrt_throw_std_bad_array_new_length@@YAXXZ 0000000180007220 f   LIBCMT:throw_bad_alloc.obj
 0001:00006240       __isa_available_init       0000000180007240 f   LIBCMT:_cpu_disp_.obj
 0001:00006408       __scrt_is_ucrt_dll_in_use  0000000180007408 f   LIBCMT:ucrt_detection.obj
 0001:00006414       __crt_debugger_hook        0000000180007414 f   LIBCMT:utility_desktop.obj
 0001:0000641c       __scrt_fastfail            000000018000741c f   LIBCMT:utility_desktop.obj
 0001:00006564       _guard_check_icall         0000000180007564 f i LIBCMT:checkcfg.obj
 0001:0000656c       __security_init_cookie     000000018000756c f   LIBCMT:gs_support.obj
 0001:00006618       _get_startup_argv_mode     0000000180007618 f   LIBCMT:argv_mode.obj
 0001:00006618       DllMain                    0000000180007618 f   LIBCMT:dll_dllmain_stub.obj
 0001:00006620       ?__scrt_initialize_type_info@@YAXXZ 0000000180007620 f   LIBCMT:tncleanup.obj
 0001:00006630       ?__scrt_uninitialize_type_info@@YAXXZ 0000000180007630 f   LIBCMT:tncleanup.obj
 0001:0000663c       __local_stdio_printf_options 000000018000763c f i LIBCMT:default_local_stdio_options.obj
 0001:00006644       __local_stdio_scanf_options 0000000180007644 f i LIBCMT:default_local_stdio_options.obj
 0001:0000664c       __scrt_initialize_default_local_stdio_options 000000018000764c f   LIBCMT:default_local_stdio_options.obj
 0001:00006668       __scrt_get_dyn_tls_init_callback 0000000180007668 f   LIBCMT:dyn_tls_init.obj
 0001:00006670       _RTC_Initialize            0000000180007670 f   LIBCMT:_initsect_.obj
 0001:000066bc       _RTC_Terminate             00000001800076bc f   LIBCMT:_initsect_.obj
 0001:00006708       __except_validate_context_record 0000000180007708 f i libvcruntime:jbcxrval.obj
 0001:00006708       _guard_check_icall_nop     0000000180007708 f i LIBCMT:guard_support.obj
 0001:00006720       memmove                    0000000180007720 f   libvcruntime:memcpy.obj
 0001:00006720       memcpy                     0000000180007720 f   libvcruntime:memcpy.obj
 0001:00006b58       __std_exception_copy       0000000180007b58 f   libvcruntime:std_exception.obj
 0001:00006be8       __std_exception_destroy    0000000180007be8 f   libvcruntime:std_exception.obj
 0001:00006c10       _CxxThrowException         0000000180007c10 f   libvcruntime:throw.obj
 0001:00006ce8       __vcrt_initialize          0000000180007ce8 f   libvcruntime:initialization.obj
 0001:00006d1c       __vcrt_thread_attach       0000000180007d1c f   libvcruntime:initialization.obj
 0001:00006d30       __vcrt_thread_detach       0000000180007d30 f   libvcruntime:initialization.obj
 0001:00006d44       __vcrt_uninitialize        0000000180007d44 f   libvcruntime:initialization.obj
 0001:00006d64       __vcrt_uninitialize_critical 0000000180007d64 f   libvcruntime:initialization.obj
 0001:00006d74       __C_specific_handler       0000000180007d74 f   libvcruntime:_chandler_.obj
 0001:00006f80       memset                     0000000180007f80 f   libvcruntime:memset.obj
 0001:00007120       __std_type_info_destroy_list 0000000180008120 f   libvcruntime:std_type_info.obj
 0001:0000714c       __vcrt_freefls             000000018000814c f   libvcruntime:per_thread_data.obj
 0001:0000716c       __vcrt_freeptd             000000018000816c f   libvcruntime:per_thread_data.obj
 0001:000071bc       __vcrt_getptd_noexit       00000001800081bc f   libvcruntime:per_thread_data.obj
 0001:00007274       __vcrt_initialize_ptd      0000000180008274 f   libvcruntime:per_thread_data.obj
 0001:000072b4       __vcrt_uninitialize_ptd    00000001800082b4 f   libvcruntime:per_thread_data.obj
 0001:000072d8       __vcrt_initialize_locks    00000001800082d8 f   libvcruntime:locks.obj
 0001:00007320       __vcrt_uninitialize_locks  0000000180008320 f   libvcruntime:locks.obj
 0001:00007520       __vcrt_FlsAlloc            0000000180008520 f   libvcruntime:winapi_downlevel.obj
 0001:00007574       __vcrt_FlsFree             0000000180008574 f   libvcruntime:winapi_downlevel.obj
 0001:000075c8       __vcrt_FlsGetValue         00000001800085c8 f   libvcruntime:winapi_downlevel.obj
 0001:0000761c       __vcrt_FlsSetValue         000000018000861c f   libvcruntime:winapi_downlevel.obj
 0001:00007684       __vcrt_InitializeCriticalSectionEx 0000000180008684 f   libvcruntime:winapi_downlevel.obj
 0001:000076fc       __vcrt_initialize_winapi_thunks 00000001800086fc f   libvcruntime:winapi_downlevel.obj
 0001:00007748       __vcrt_uninitialize_winapi_thunks 0000000180008748 f   libvcruntime:winapi_downlevel.obj
 0001:00007788       __vcrt_initialize_pure_virtual_call_handler 0000000180008788 f   libvcruntime:purevirt_data.obj
 0001:000077c0       _local_unwind              00000001800087c0 f   libvcruntime:_jmpuwind_.obj
 0001:000077f0       _NLG_Notify                00000001800087f0 f   libvcruntime:_jmpuwind_.obj
 0001:00007810       __NLG_Dispatch2            0000000180008810 f   libvcruntime:_jmpuwind_.obj
 0001:00007820       __NLG_Return2              0000000180008820 f   libvcruntime:_jmpuwind_.obj
 0001:00007824       __acrt_call_reportfault    0000000180008824 f   libucrt:invalid_parameter.obj
 0001:00007980       __acrt_initialize_invalid_parameter_handler 0000000180008980 f   libucrt:invalid_parameter.obj
 0001:00007988       _invalid_parameter         0000000180008988 f   libucrt:invalid_parameter.obj
 0001:00007a30       _invalid_parameter_noinfo  0000000180008a30 f   libucrt:invalid_parameter.obj
 0001:00007a50       _invalid_parameter_noinfo_noreturn 0000000180008a50 f   libucrt:invalid_parameter.obj
 0001:00007a80       _invoke_watson             0000000180008a80 f   libucrt:invalid_parameter.obj
 0001:00007ac8       ??0_LocaleUpdate@@QEAA@QEAU__crt_locale_pointers@@@Z 0000000180008ac8 f i libucrt:stricmp.obj
 0001:00007b58       __ascii_stricmp            0000000180008b58 f   libucrt:stricmp.obj
 0001:00007b94       _stricmp                   0000000180008b94 f   libucrt:stricmp.obj
 0001:00007bdc       _stricmp_l                 0000000180008bdc f   libucrt:stricmp.obj
 0001:00007c90       __acrt_initialize_new_handler 0000000180008c90 f   libucrt:new_handler.obj
 0001:00007c98       _callnewh                  0000000180008c98 f   libucrt:new_handler.obj
 0001:00007cd8       _query_new_handler         0000000180008cd8 f   libucrt:new_handler.obj
 0001:00007d0c       malloc                     0000000180008d0c f   libucrt:malloc.obj
 0001:00007d14       _seh_filter_dll            0000000180008d14 f   libucrt:exception_filter.obj
 0001:00007d28       _seh_filter_exe            0000000180008d28 f   libucrt:exception_filter.obj
 0001:000080e8       __acrt_initialize_thread_local_exit_callback 00000001800090e8 f   libucrt:exit.obj
 0001:000080f0       _cexit                     00000001800090f0 f   libucrt:exit.obj
 0001:00008100       _exit                      0000000180009100 f   libucrt:exit.obj
 0001:0000810c       _is_c_termination_complete 000000018000910c f   libucrt:exit.obj
 0001:000082d0       __acrt_allocate_buffer_for_argv 00000001800092d0 f   libucrt:argv_parsing.obj
 0001:00008334       _configure_narrow_argv     0000000180009334 f   libucrt:argv_parsing.obj
 0001:00008690       __dcrt_uninitialize_environments_nolock 0000000180009690 f   libucrt:environment_initialization.obj
 0001:000086c8       _initialize_narrow_environment 00000001800096c8 f   libucrt:environment_initialization.obj
 0001:000086d0       ??$?RV<lambda_b8c45f8f788dd370798f47cfe8ac3a86>@@AEAV<lambda_4e60a939b0d047cfe11ddc22648dfba9>@@V<lambda_332c3edc96d0294ec56c57d38c1cdfd5>@@@?$__crt_seh_guarded_call@H@@QEAAH$$QEAV<lambda_b8c45f8f788dd370798f47cfe8ac3a86>@@AEAV<lambda_4e60a939b0d047cfe11ddc22648dfba9>@@$$QEAV<lambda_332c3edc96d0294ec56c57d38c1cdfd5>@@@Z 00000001800096d0 f i libucrt:onexit.obj
 0001:0000870c       ??$?RV<lambda_e24bbb7b643b32fcea6fa61b31d4c984>@@AEAV<lambda_275893d493268fdec8709772e3fcec0e>@@V<lambda_9d71df4d7cf3f480f8d633942495c3b0>@@@?$__crt_seh_guarded_call@H@@QEAAH$$QEAV<lambda_e24bbb7b643b32fcea6fa61b31d4c984>@@AEAV<lambda_275893d493268fdec8709772e3fcec0e>@@$$QEAV<lambda_9d71df4d7cf3f480f8d633942495c3b0>@@@Z 000000018000970c f i libucrt:onexit.obj
 0001:00008a88       _crt_atexit                0000000180009a88 f   libucrt:onexit.obj
 0001:00008a98       _execute_onexit_table      0000000180009a98 f   libucrt:onexit.obj
 0001:00008ad4       _initialize_onexit_table   0000000180009ad4 f   libucrt:onexit.obj
 0001:00008b14       _register_onexit_function  0000000180009b14 f   libucrt:onexit.obj
 0001:00008b94       __acrt_uninitialize_command_line 0000000180009b94 f   libucrt:argv_data.obj
 0001:00008c94       __acrt_initialize          0000000180009c94 f   libucrt:initialization.obj
 0001:00008ca8       __acrt_thread_attach       0000000180009ca8 f   libucrt:initialization.obj
 0001:00008cbc       __acrt_thread_detach       0000000180009cbc f   libucrt:initialization.obj
 0001:00008ccc       __acrt_uninitialize        0000000180009ccc f   libucrt:initialization.obj
 0001:00008ce0       __acrt_uninitialize_critical 0000000180009ce0 f   libucrt:initialization.obj
 0001:00008cf0       free                       0000000180009cf0 f   libucrt:free.obj
 0001:00008cf8       _initterm                  0000000180009cf8 f   libucrt:initterm.obj
 0001:00008d70       _initterm_e                0000000180009d70 f   libucrt:initterm.obj
 0001:00008dbc       terminate                  0000000180009dbc f   libucrt:terminate.obj
 0001:00008de4       strcpy_s                   0000000180009de4 f   libucrt:strcpy_s.obj
 0001:00008e44       _free_base                 0000000180009e44 f   libucrt:free_base.obj
 0001:00008e84       _malloc_base               0000000180009e84 f   libucrt:malloc_base.obj
 0001:00008ee4       abort                      0000000180009ee4 f   libucrt:abort.obj
 0001:00008f3c       _calloc_base               0000000180009f3c f   libucrt:calloc_base.obj
 0001:00008fb4       ??$?RV<lambda_46352004c1216016012b18bd6f87e700>@@AEAV<lambda_3bd07e1a1191394380780325891bf33f>@@V<lambda_334532d3f185bcaa59b5be82d7d22bff>@@@?$__crt_seh_guarded_call@X@@QEAAX$$QEAV<lambda_46352004c1216016012b18bd6f87e700>@@AEAV<lambda_3bd07e1a1191394380780325891bf33f>@@$$QEAV<lambda_334532d3f185bcaa59b5be82d7d22bff>@@@Z 0000000180009fb4 f i libucrt:per_thread_data.obj
 0001:00009014       ??$?RV<lambda_5e887d1dcbef67a5eb4283622ba103bf>@@AEAV<lambda_4466841279450cc726390878d4a41900>@@V<lambda_341c25c0346d94847f1f3c463c57e077>@@@?$__crt_seh_guarded_call@X@@QEAAX$$QEAV<lambda_5e887d1dcbef67a5eb4283622ba103bf>@@AEAV<lambda_4466841279450cc726390878d4a41900>@@$$QEAV<lambda_341c25c0346d94847f1f3c463c57e077>@@@Z 000000018000a014 f i libucrt:per_thread_data.obj
 0001:0000905c       ??$?RV<lambda_72d1df2b273a38828b1ce30cbf4cdab5>@@AEAV<lambda_876a65b173b8412d3a47c70a915b0cf4>@@V<lambda_41932305e351933ebe8f8be3ed8bb5dc>@@@?$__crt_seh_guarded_call@X@@QEAAX$$QEAV<lambda_72d1df2b273a38828b1ce30cbf4cdab5>@@AEAV<lambda_876a65b173b8412d3a47c70a915b0cf4>@@$$QEAV<lambda_41932305e351933ebe8f8be3ed8bb5dc>@@@Z 000000018000a05c f i libucrt:per_thread_data.obj
 0001:0000909c       ??$?RV<lambda_fb3a7dec4e47f37f22dae91bb15c9095>@@AEAV<lambda_698284760c8add0bfb0756c19673e34b>@@V<lambda_dfb8eca1e75fef3034a8fb18dd509707>@@@?$__crt_seh_guarded_call@X@@QEAAX$$QEAV<lambda_fb3a7dec4e47f37f22dae91bb15c9095>@@AEAV<lambda_698284760c8add0bfb0756c19673e34b>@@$$QEAV<lambda_dfb8eca1e75fef3034a8fb18dd509707>@@@Z 000000018000a09c f i libucrt:per_thread_data.obj
 0001:0000932c       __acrt_freeptd             000000018000a32c f   libucrt:per_thread_data.obj
 0001:00009370       __acrt_getptd              000000018000a370 f   libucrt:per_thread_data.obj
 0001:00009404       __acrt_getptd_noexit       000000018000a404 f   libucrt:per_thread_data.obj
 0001:000094a4       __acrt_initialize_ptd      000000018000a4a4 f   libucrt:per_thread_data.obj
 0001:000094e0       __acrt_uninitialize_ptd    000000018000a4e0 f   libucrt:per_thread_data.obj
 0001:00009504       __acrt_errno_from_os_error 000000018000a504 f   libucrt:errno.obj
 0001:0000954c       __acrt_errno_map_os_error  000000018000a54c f   libucrt:errno.obj
 0001:0000959c       __doserrno                 000000018000a59c f   libucrt:errno.obj
 0001:000095bc       _errno                     000000018000a5bc f   libucrt:errno.obj
 0001:0000962c       _tolower_l                 000000018000a62c f   libucrt:tolower_toupper.obj
 0001:0000976c       __acrt_update_locale_info  000000018000a76c f   libucrt:locale_update.obj
 0001:000097a0       __acrt_update_multibyte_info 000000018000a7a0 f   libucrt:locale_update.obj
 0001:000097d4       __acrt_set_locale_changed  000000018000a7d4 f   libucrt:wsetlocale.obj
 0001:000097e0       __acrt_uninitialize_locale 000000018000a7e0 f   libucrt:wsetlocale.obj
 0001:00009828       __acrt_initialize_locks    000000018000a828 f   libucrt:locks.obj
 0001:00009870       __acrt_lock                000000018000a870 f   libucrt:locks.obj
 0001:0000988c       __acrt_uninitialize_locks  000000018000a88c f   libucrt:locks.obj
 0001:000098c4       __acrt_unlock              000000018000a8c4 f   libucrt:locks.obj
 0001:00009a80       __acrt_FlsAlloc            000000018000aa80 f   libucrt:winapi_thunks.obj
 0001:00009ad8       __acrt_FlsFree             000000018000aad8 f   libucrt:winapi_thunks.obj
 0001:00009b30       __acrt_FlsGetValue         000000018000ab30 f   libucrt:winapi_thunks.obj
 0001:00009b88       __acrt_FlsSetValue         000000018000ab88 f   libucrt:winapi_thunks.obj
 0001:00009bf0       __acrt_InitializeCriticalSectionEx 000000018000abf0 f   libucrt:winapi_thunks.obj
 0001:00009c68       __acrt_LCMapStringEx       000000018000ac68 f   libucrt:winapi_thunks.obj
 0001:00009d58       __acrt_LocaleNameToLCID    000000018000ad58 f   libucrt:winapi_thunks.obj
 0001:00009dc0       __acrt_initialize_winapi_thunks 000000018000adc0 f   libucrt:winapi_thunks.obj
 0001:00009df8       __acrt_is_packaged_app     000000018000adf8 f   libucrt:winapi_thunks.obj
 0001:00009e80       __acrt_uninitialize_winapi_thunks 000000018000ae80 f   libucrt:winapi_thunks.obj
 0001:0000a3a0       ?expand_if_necessary@?$argument_list@D@?A0xca0879c4@@AEAAHXZ 000000018000b3a0 f i libucrt:argv_wildcards.obj
 0001:0000a468       __acrt_expand_narrow_argv_wildcards 000000018000b468 f   libucrt:argv_wildcards.obj
 0001:0000a470       ??$?RV<lambda_99476a1ad63dd22509b5d3e65b0ffc95>@@AEAV<lambda_ad1ced32f4ac17aa236e5ef05d6b3b7c>@@V<lambda_f7424dd8d45958661754dc4f2697e9c3>@@@?$__crt_seh_guarded_call@X@@QEAAX$$QEAV<lambda_99476a1ad63dd22509b5d3e65b0ffc95>@@AEAV<lambda_ad1ced32f4ac17aa236e5ef05d6b3b7c>@@$$QEAV<lambda_f7424dd8d45958661754dc4f2697e9c3>@@@Z 000000018000b470 f i libucrt:mbctype.obj
 0001:0000ab6c       __acrt_initialize_multibyte 000000018000bb6c f   libucrt:mbctype.obj
 0001:0000ab94       __acrt_update_thread_multibyte_data 000000018000bb94 f   libucrt:mbctype.obj
 0001:0000ac54       _setmbcp_nolock            000000018000bc54 f   libucrt:mbctype.obj
 0001:0000af74       _ismbblead                 000000018000bf74 f   libucrt:ismbbyte.obj
 0001:0000af88       __acrt_initialize_command_line 000000018000bf88 f   libucrt:argv_data.obj
 0001:0000afb0       __dcrt_get_narrow_environment_from_os 000000018000bfb0 f   libucrt:get_environment_from_os.obj
 0001:0000b0b4       _recalloc                  000000018000c0b4 f   libucrt:recalloc.obj
 0001:0000b0bc       _recalloc_base             000000018000c0bc f   libucrt:recalloc.obj
 0001:0000b154       __acrt_initialize_heap     000000018000c154 f   libucrt:heap_handle.obj
 0001:0000b170       __acrt_uninitialize_heap   000000018000c170 f   libucrt:heap_handle.obj
 0001:0000b364       __acrt_initialize_lowio    000000018000c364 f   libucrt:ioinit.obj
 0001:0000b3a0       __acrt_uninitialize_lowio  000000018000c3a0 f   libucrt:ioinit.obj
 0001:0000b3e0       __acrt_execute_initializers 000000018000c3e0 f   libucrt:shared_initialization.obj
 0001:0000b474       __acrt_execute_uninitializers 000000018000c474 f   libucrt:shared_initialization.obj
 0001:0000b4c4       ??$?RV<lambda_c36588078e9f5dfd39652860aa6b3aaf>@@AEAV<lambda_ec61778202f4f5fc7e7711acc23c3bca>@@V<lambda_dc9d2797ccde5d239b4a0efae8ebd7db>@@@?$__crt_seh_guarded_call@P6AXH@Z@@QEAAP6AXH@Z$$QEAV<lambda_c36588078e9f5dfd39652860aa6b3aaf>@@AEAV<lambda_ec61778202f4f5fc7e7711acc23c3bca>@@$$QEAV<lambda_dc9d2797ccde5d239b4a0efae8ebd7db>@@@Z 000000018000c4c4 f i libucrt:signal.obj
 0001:0000b50c       __acrt_get_sigabrt_handler 000000018000c50c f   libucrt:signal.obj
 0001:0000b53c       __acrt_initialize_signal_handlers 000000018000c53c f   libucrt:signal.obj
 0001:0000b55c       raise                      000000018000c55c f   libucrt:signal.obj
 0001:0000b7f8       __acrt_has_user_matherr    000000018000c7f8 f   libucrt:matherr.obj
 0001:0000b818       __acrt_initialize_user_matherr 000000018000c818 f   libucrt:matherr.obj
 0001:0000b820       __acrt_invoke_user_matherr 000000018000c820 f   libucrt:matherr.obj
 0001:0000b868       _query_new_mode            000000018000c868 f   libucrt:new_mode.obj
 0001:0000b870       _mbtowc_l                  000000018000c870 f   libucrt:mbtowc.obj
 0001:0000b9b8       mbtowc                     000000018000c9b8 f   libucrt:mbtowc.obj
 0001:0000b9c0       _fileno                    000000018000c9c0 f   libucrt:fileno.obj
 0001:0000b9e8       __acrt_initialize_stdio    000000018000c9e8 f   libucrt:_file.obj
 0001:0000bb08       __acrt_uninitialize_stdio  000000018000cb08 f   libucrt:_file.obj
 0001:0000bb64       _lock_file                 000000018000cb64 f   libucrt:_file.obj
 0001:0000bb70       _unlock_file               000000018000cb70 f   libucrt:_file.obj
 0001:0000bb7c       __pctype_func              000000018000cb7c f   libucrt:ctype.obj
 0001:0000bbac       _isctype_l                 000000018000cbac f   libucrt:isctype.obj
 0001:0000bcbc       __acrt_add_locale_ref      000000018000ccbc f   libucrt:locale_refcounting.obj
 0001:0000bd48       __acrt_free_locale         000000018000cd48 f   libucrt:locale_refcounting.obj
 0001:0000bec0       __acrt_locale_add_lc_time_reference 000000018000cec0 f   libucrt:locale_refcounting.obj
 0001:0000bee8       __acrt_locale_free_lc_time_if_unreferenced 000000018000cee8 f   libucrt:locale_refcounting.obj
 0001:0000bf20       __acrt_locale_release_lc_time_reference 000000018000cf20 f   libucrt:locale_refcounting.obj
 0001:0000bf48       __acrt_release_locale_ref  000000018000cf48 f   libucrt:locale_refcounting.obj
 0001:0000bff0       __acrt_update_thread_locale_data 000000018000cff0 f   libucrt:locale_refcounting.obj
 0001:0000c060       _updatetlocinfoEx_nolock   000000018000d060 f   libucrt:locale_refcounting.obj
 0001:0000c0c8       _isleadbyte_l              000000018000d0c8 f i libucrt:_wctype.obj
 0001:0000c464       __acrt_LCMapStringA        000000018000d464 f   libucrt:lcmapstringa.obj
 0001:0000c4fc       __acrt_locale_free_monetary 000000018000d4fc f   libucrt:initmon.obj
 0001:0000c608       __acrt_locale_free_numeric 000000018000d608 f   libucrt:initnum.obj
 0001:0000c6cc       __acrt_locale_free_time    000000018000d6cc f   libucrt:inittime.obj
 0001:0000c7d4       __acrt_GetStringTypeA      000000018000d7d4 f   libucrt:getstringtypea.obj
 0001:0000ca50       __acrt_DownlevelLocaleNameToLCID 000000018000da50 f   libucrt:lcidtoname_downlevel.obj
 0001:0000cb60       qsort                      000000018000db60 f   libucrt:qsort.obj
 0001:0000ce94       strncpy_s                  000000018000de94 f   libucrt:strncpy_s.obj
 0001:0000cf68       strpbrk                    000000018000df68 f   libucrt:strpbrk.obj
 0001:0000d008       _mbsdec                    000000018000e008 f   libucrt:mbsdec.obj
 0001:0000d010       _mbsdec_l                  000000018000e010 f   libucrt:mbsdec.obj
 0001:0000d0c0       _msize                     000000018000e0c0 f   libucrt:msize.obj
 0001:0000d0fc       _realloc_base              000000018000e0fc f   libucrt:realloc_base.obj
 0001:0000d180       __acrt_lowio_create_handle_array 000000018000e180 f   libucrt:osfinfo.obj
 0001:0000d218       __acrt_lowio_destroy_handle_array 000000018000e218 f   libucrt:osfinfo.obj
 0001:0000d268       __acrt_lowio_ensure_fh_exists 000000018000e268 f   libucrt:osfinfo.obj
 0001:0000d320       __acrt_lowio_lock_fh       000000018000e320 f   libucrt:osfinfo.obj
 0001:0000d344       __acrt_lowio_unlock_fh     000000018000e344 f   libucrt:osfinfo.obj
 0001:0000d368       _free_osfhnd               000000018000e368 f   libucrt:osfinfo.obj
 0001:0000d424       _get_osfhandle             000000018000e424 f   libucrt:osfinfo.obj
 0001:0000d49c       _isatty                    000000018000e49c f   libucrt:isatty.obj
 0001:0000d4fc       __acrt_stdio_flush_nolock  000000018000e4fc f   libucrt:fflush.obj
 0001:0000d574       _fflush_nolock             000000018000e574 f   libucrt:fflush.obj
 0001:0000d5c0       _flushall                  000000018000e5c0 f   libucrt:fflush.obj
 0001:0000d6b0       _fcloseall                 000000018000e6b0 f   libucrt:closeall.obj
 0001:0000d764       __acrt_stdio_free_buffer_nolock 000000018000e764 f   libucrt:_freebuf.obj
 0001:0000d7a4       __strncnt                  000000018000e7a4 f   libucrt:strncnt.obj
 0001:0000d7bc       _query_app_type            000000018000e7bc f   libucrt:report_runtime_error.obj
 0001:0000d7c4       ??$?RV<lambda_b521505b218e5242e90febf6bfebc422>@@AEAV<lambda_6978c1fb23f02e42e1d9e99668cc68aa>@@V<lambda_314360699dd331753a4119843814e9a7>@@@?$__crt_seh_guarded_call@H@@QEAAH$$QEAV<lambda_b521505b218e5242e90febf6bfebc422>@@AEAV<lambda_6978c1fb23f02e42e1d9e99668cc68aa>@@$$QEAV<lambda_314360699dd331753a4119843814e9a7>@@@Z 000000018000e7c4 f i libucrt:commit.obj
 0001:0000d850       _commit                    000000018000e850 f   libucrt:commit.obj
 0001:0000de84       _write                     000000018000ee84 f   libucrt:write.obj
 0001:0000df70       _write_nolock              000000018000ef70 f   libucrt:write.obj
 0001:0000e260       log10                      000000018000f260 f   libucrt:log10.obj
 0001:0000e8a8       _lseeki64_nolock           000000018000f8a8 f   libucrt:lseek.obj
 0001:0000e8b0       _fclose_nolock             000000018000f8b0 f   libucrt:fclose.obj
 0001:0000e934       fclose                     000000018000f934 f   libucrt:fclose.obj
 0001:0000e9a0       _putwch_nolock             000000018000f9a0 f   libucrt:putwch.obj
 0001:0000eb20       _handle_error              000000018000fb20 f   libucrt:libm_error.obj
 0001:0000ec50       __acrt_initialize_fma3     000000018000fc50 f   libucrt:fma3_available.obj
 0001:0000ecc0       _log10_special             000000018000fcc0 f   libucrt:log_special.obj
 0001:0000ed78       ??$?RV<lambda_bfedae4ebbf01fab1bb6dcc6a9e276e0>@@AEAV<lambda_2fe9b910cf3cbf4a0ab98a02ba45b3ec>@@V<lambda_237c231691f317818eb88cc1d5d642d6>@@@?$__crt_seh_guarded_call@H@@QEAAH$$QEAV<lambda_bfedae4ebbf01fab1bb6dcc6a9e276e0>@@AEAV<lambda_2fe9b910cf3cbf4a0ab98a02ba45b3ec>@@$$QEAV<lambda_237c231691f317818eb88cc1d5d642d6>@@@Z 000000018000fd78 f i libucrt:close.obj
 0001:0000edec       _close                     000000018000fdec f   libucrt:close.obj
 0001:0000ee90       _close_nolock              000000018000fe90 f   libucrt:close.obj
 0001:0000ef4c       ?__acrt_stdio_free_stream@@YAXV__crt_stdio_stream@@@Z 000000018000ff4c f   libucrt:stream.obj
 0001:0000ef90       __dcrt_lowio_initialize_console_output 000000018000ff90 f   libucrt:initcon.obj
 0001:0000efcc       __dcrt_terminate_console_output 000000018000ffcc f   libucrt:initcon.obj
 0001:0000f000       _get_fpsr                  0000000180010000 f   libucrt:fpsr.obj
 0001:0000f010       _set_fpsr                  0000000180010010 f   libucrt:fpsr.obj
 0001:0000f01a       _fclrf                     000000018001001a f   libucrt:fpsr.obj
 0001:0000f02e       _frnd                      000000018001002e f   libucrt:fpsr.obj
 0001:0000f050       _raise_exc                 0000000180010050 f   libucrt:fpexcept.obj
 0001:0000f078       _raise_exc_ex              0000000180010078 f   libucrt:fpexcept.obj
 0001:0000f380       _set_errno_from_matherr    0000000180010380 f   libucrt:fpexcept.obj
 0001:0000f3b0       _clrfp                     00000001800103b0 f   libucrt:fpctrl.obj
 0001:0000f3d0       _ctrlfp                    00000001800103d0 f   libucrt:fpctrl.obj
 0001:0000f44c       _set_statfp                000000018001044c f   libucrt:fpctrl.obj
 0001:0000f46c       _statfp                    000000018001046c f   libucrt:fpctrl.obj
 0001:0000f47e       IsProcessorFeaturePresent  000000018001047e f   kernel32:KERNEL32.dll
 0001:0000f484       RtlUnwindEx                0000000180010484 f   kernel32:KERNEL32.dll
 0001:0000f48c       ?DloadAcquireSectionWriteAccess@@YAXXZ 000000018001048c f i DelayImp:delayhlp.obj
 0001:0000f548       ?DloadGetSRWLockFunctionPointers@@YAEXZ 0000000180010548 f i DelayImp:delayhlp.obj
 0001:0000f5e4       ?DloadMakePermanentImageCommit@@YAXPEAX_K@Z 00000001800105e4 f i DelayImp:delayhlp.obj
 0001:0000f67c       ?DloadObtainSection@@YAPEAXPEAK0@Z 000000018001067c f i DelayImp:delayhlp.obj
 0001:0000f714       ?DloadProtectSection@@YAXKPEAK@Z 0000000180010714 f i DelayImp:delayhlp.obj
 0001:0000f7a4       ?DloadReleaseSectionWriteAccess@@YAXXZ 00000001800107a4 f i DelayImp:delayhlp.obj
 0001:0000f848       __delayLoadHelper2         0000000180010848 f   DelayImp:delayhlp.obj
 0001:0000fb50       _FindPESection             0000000180010b50 f   LIBCMT:pesect.obj
 0001:0000fba0       _IsNonwritableInCurrentImage 0000000180010ba0 f   LIBCMT:pesect.obj
 0001:0000fbf0       _ValidateImageBase         0000000180010bf0 f   LIBCMT:pesect.obj
 0001:0000fc20       __GSHandlerCheck           0000000180010c20 f   LIBCMT:_gshandler_.obj
 0001:0000fc40       __GSHandlerCheckCommon     0000000180010c40 f   LIBCMT:_gshandler_.obj
 0001:0000fcb0       __chkstk                   0000000180010cb0 f   LIBCMT:_chkstk_.obj
 0001:0000fcb0       _alloca_probe              0000000180010cb0 f   LIBCMT:_chkstk_.obj
 0001:0000fd20       memcmp                     0000000180010d20 f   libvcruntime:memcmp.obj
 0001:0000fe00       _guard_dispatch_icall_nop  0000000180010e00 f   LIBCMT:_guard_dispatch_.obj
 0002:00000000       __imp_WriteProcessMemory   0000000180012000     kernel32:KERNEL32.dll
 0002:00000008       __imp_GetProcessId         0000000180012008     kernel32:KERNEL32.dll
 0002:00000010       __imp_ReadProcessMemory    0000000180012010     kernel32:KERNEL32.dll
 0002:00000018       __imp_Process32First       0000000180012018     kernel32:KERNEL32.dll
 0002:00000020       __imp_OpenProcess          0000000180012020     kernel32:KERNEL32.dll
 0002:00000028       __imp_CreateToolhelp32Snapshot 0000000180012028     kernel32:KERNEL32.dll
 0002:00000030       __imp_Process32Next        0000000180012030     kernel32:KERNEL32.dll
 0002:00000038       __imp_CloseHandle          0000000180012038     kernel32:KERNEL32.dll
 0002:00000040       __imp_Module32Next         0000000180012040     kernel32:KERNEL32.dll
 0002:00000048       __imp_Module32First        0000000180012048     kernel32:KERNEL32.dll
 0002:00000050       __imp_GetModuleHandleA     0000000180012050     kernel32:KERNEL32.dll
 0002:00000058       __imp_RtlCaptureContext    0000000180012058     kernel32:KERNEL32.dll
 0002:00000060       __imp_RtlLookupFunctionEntry 0000000180012060     kernel32:KERNEL32.dll
 0002:00000068       __imp_RtlVirtualUnwind     0000000180012068     kernel32:KERNEL32.dll
 0002:00000070       __imp_UnhandledExceptionFilter 0000000180012070     kernel32:KERNEL32.dll
 0002:00000078       __imp_SetUnhandledExceptionFilter 0000000180012078     kernel32:KERNEL32.dll
 0002:00000080       __imp_GetCurrentProcess    0000000180012080     kernel32:KERNEL32.dll
 0002:00000088       __imp_TerminateProcess     0000000180012088     kernel32:KERNEL32.dll
 0002:00000090       __imp_IsProcessorFeaturePresent 0000000180012090     kernel32:KERNEL32.dll
 0002:00000098       __imp_IsDebuggerPresent    0000000180012098     kernel32:KERNEL32.dll
 0002:000000a0       __imp_GetStartupInfoW      00000001800120a0     kernel32:KERNEL32.dll
 0002:000000a8       __imp_GetModuleHandleW     00000001800120a8     kernel32:KERNEL32.dll
 0002:000000b0       __imp_QueryPerformanceCounter 00000001800120b0     kernel32:KERNEL32.dll
 0002:000000b8       __imp_GetCurrentProcessId  00000001800120b8     kernel32:KERNEL32.dll
 0002:000000c0       __imp_GetCurrentThreadId   00000001800120c0     kernel32:KERNEL32.dll
 0002:000000c8       __imp_GetSystemTimeAsFileTime 00000001800120c8     kernel32:KERNEL32.dll
 0002:000000d0       __imp_InitializeSListHead  00000001800120d0     kernel32:KERNEL32.dll
 0002:000000d8       __imp_RtlPcToFileHeader    00000001800120d8     kernel32:KERNEL32.dll
 0002:000000e0       __imp_RaiseException       00000001800120e0     kernel32:KERNEL32.dll
 0002:000000e8       __imp_RtlUnwindEx          00000001800120e8     kernel32:KERNEL32.dll
 0002:000000f0       __imp_InterlockedFlushSList 00000001800120f0     kernel32:KERNEL32.dll
 0002:000000f8       __imp_GetLastError         00000001800120f8     kernel32:KERNEL32.dll
 0002:00000100       __imp_SetLastError         0000000180012100     kernel32:KERNEL32.dll
 0002:00000108       __imp_EnterCriticalSection 0000000180012108     kernel32:KERNEL32.dll
 0002:00000110       __imp_LeaveCriticalSection 0000000180012110     kernel32:KERNEL32.dll
 0002:00000118       __imp_DeleteCriticalSection 0000000180012118     kernel32:KERNEL32.dll
 0002:00000120       __imp_InitializeCriticalSectionAndSpinCount 0000000180012120     kernel32:KERNEL32.dll
 0002:00000128       __imp_TlsAlloc             0000000180012128     kernel32:KERNEL32.dll
 0002:00000130       __imp_TlsGetValue          0000000180012130     kernel32:KERNEL32.dll
 0002:00000138       __imp_TlsSetValue          0000000180012138     kernel32:KERNEL32.dll
 0002:00000140       __imp_TlsFree              0000000180012140     kernel32:KERNEL32.dll
 0002:00000148       __imp_FreeLibrary          0000000180012148     kernel32:KERNEL32.dll
 0002:00000150       __imp_GetProcAddress       0000000180012150     kernel32:KERNEL32.dll
 0002:00000158       __imp_LoadLibraryExW       0000000180012158     kernel32:KERNEL32.dll
 0002:00000160       __imp_ExitProcess          0000000180012160     kernel32:KERNEL32.dll
 0002:00000168       __imp_GetModuleHandleExW   0000000180012168     kernel32:KERNEL32.dll
 0002:00000170       __imp_GetModuleFileNameA   0000000180012170     kernel32:KERNEL32.dll
 0002:00000178       __imp_MultiByteToWideChar  0000000180012178     kernel32:KERNEL32.dll
 0002:00000180       __imp_WideCharToMultiByte  0000000180012180     kernel32:KERNEL32.dll
 0002:00000188       __imp_HeapFree             0000000180012188     kernel32:KERNEL32.dll
 0002:00000190       __imp_HeapAlloc            0000000180012190     kernel32:KERNEL32.dll
 0002:00000198       __imp_GetACP               0000000180012198     kernel32:KERNEL32.dll
 0002:000001a0       __imp_LCMapStringW         00000001800121a0     kernel32:KERNEL32.dll
 0002:000001a8       __imp_FindClose            00000001800121a8     kernel32:KERNEL32.dll
 0002:000001b0       __imp_FindFirstFileExA     00000001800121b0     kernel32:KERNEL32.dll
 0002:000001b8       __imp_FindNextFileA        00000001800121b8     kernel32:KERNEL32.dll
 0002:000001c0       __imp_IsValidCodePage      00000001800121c0     kernel32:KERNEL32.dll
 0002:000001c8       __imp_GetOEMCP             00000001800121c8     kernel32:KERNEL32.dll
 0002:000001d0       __imp_GetCPInfo            00000001800121d0     kernel32:KERNEL32.dll
 0002:000001d8       __imp_GetCommandLineA      00000001800121d8     kernel32:KERNEL32.dll
 0002:000001e0       __imp_GetCommandLineW      00000001800121e0     kernel32:KERNEL32.dll
 0002:000001e8       __imp_GetEnvironmentStringsW 00000001800121e8     kernel32:KERNEL32.dll
 0002:000001f0       __imp_FreeEnvironmentStringsW 00000001800121f0     kernel32:KERNEL32.dll
 0002:000001f8       __imp_GetProcessHeap       00000001800121f8     kernel32:KERNEL32.dll
 0002:00000200       __imp_GetStdHandle         0000000180012200     kernel32:KERNEL32.dll
 0002:00000208       __imp_GetFileType          0000000180012208     kernel32:KERNEL32.dll
 0002:00000210       __imp_GetStringTypeW       0000000180012210     kernel32:KERNEL32.dll
 0002:00000218       __imp_HeapSize             0000000180012218     kernel32:KERNEL32.dll
 0002:00000220       __imp_HeapReAlloc          0000000180012220     kernel32:KERNEL32.dll
 0002:00000228       __imp_SetStdHandle         0000000180012228     kernel32:KERNEL32.dll
 0002:00000230       __imp_WriteFile            0000000180012230     kernel32:KERNEL32.dll
 0002:00000238       __imp_FlushFileBuffers     0000000180012238     kernel32:KERNEL32.dll
 0002:00000240       __imp_GetConsoleCP         0000000180012240     kernel32:KERNEL32.dll
 0002:00000248       __imp_GetConsoleMode       0000000180012248     kernel32:KERNEL32.dll
 0002:00000250       __imp_SetFilePointerEx     0000000180012250     kernel32:KERNEL32.dll
 0002:00000258       __imp_WriteConsoleW        0000000180012258     kernel32:KERNEL32.dll
 0002:00000260       __imp_CreateFileW          0000000180012260     kernel32:KERNEL32.dll
 0002:00000268       __imp_GetSystemInfo        0000000180012268     kernel32:KERNEL32.dll
 0002:00000270       __imp_VirtualProtect       0000000180012270     kernel32:KERNEL32.dll
 0002:00000278       __imp_VirtualQuery         0000000180012278     kernel32:KERNEL32.dll
 0002:00000280       __imp_LoadLibraryExA       0000000180012280     kernel32:KERNEL32.dll
 0002:00000288       \177KERNEL32_NULL_THUNK_DATA 0000000180012288     kernel32:KERNEL32.dll
 0002:00000290       __guard_check_icall_fptr   0000000180012290     LIBCMT:guard_support.obj
 0002:00000298       __guard_dispatch_icall_fptr 0000000180012298     LIBCMT:guard_support.obj
 0002:000002a0       __xc_a                     00000001800122a0     LIBCMT:initializers.obj
 0002:000002c0       _register_memoryjs_        00000001800122c0     memoryjs.obj
 0002:000002c8       __xc_z                     00000001800122c8     LIBCMT:initializers.obj
 0002:000002d0       __xi_a                     00000001800122d0     LIBCMT:initializers.obj
 0002:000002d8       __acrt_multibyte_initializer 00000001800122d8     libucrt:multibyte_initializer.obj
 0002:000002e0       __acrt_stdio_initializer   00000001800122e0     libucrt:stdio_initializer.obj
 0002:000002e8       __acrt_tran_fma3_initializer 00000001800122e8     libucrt:fma3_initializer.obj
 0002:000002f0       __xi_z                     00000001800122f0     LIBCMT:initializers.obj
 0002:000002f8       __xp_a                     00000001800122f8     LIBCMT:initializers.obj
 0002:00000300       __acrt_locale_terminator   0000000180012300     libucrt:locale_initializer.obj
 0002:00000308       __dcrt_console_output_terminator 0000000180012308     libucrt:console_output_initializer.obj
 0002:00000310       __acrt_stdio_terminator    0000000180012310     libucrt:stdio_initializer.obj
 0002:00000318       __xp_z                     0000000180012318     LIBCMT:initializers.obj
 0002:00000320       __xt_a                     0000000180012320     LIBCMT:initializers.obj
 0002:00000328       __xt_z                     0000000180012328     LIBCMT:initializers.obj
 0002:00000330       __sz_node_exe              0000000180012330     node:node.exe
 0002:00000348       ??_7exception@std@@6B@     0000000180012348     libcpmt:xthrow.obj
 0002:00000358       ??_C@_0BC@EOODALEL@Unknown?5exception?$AA@ 0000000180012358     libcpmt:xthrow.obj
 0002:00000378       ??_7bad_alloc@std@@6B@     0000000180012378     libcpmt:xthrow.obj
 0002:00000388       ??_C@_0P@GHFPNOJB@bad?5allocation?$AA@ 0000000180012388     libcpmt:xthrow.obj
 0002:000003a0       ??_7logic_error@std@@6B@   00000001800123a0     libcpmt:xthrow.obj
 0002:000003b8       ??_7length_error@std@@6B@  00000001800123b8     libcpmt:xthrow.obj
 0002:000003d0       ??_7out_of_range@std@@6B@  00000001800123d0     libcpmt:xthrow.obj
 0002:000003e0       _pDefaultRawDllMain        00000001800123e0     LIBCMT:dll_dllmain.obj
 0002:000003e0       _pRawDllMain               00000001800123e0     LIBCMT:dll_dllmain.obj
 0002:000003f0       ??_7type_info@@6B@         00000001800123f0     LIBCMT:std_type_info_static.obj
 0002:00000410       ??_7bad_array_new_length@std@@6B@ 0000000180012410     LIBCMT:throw_bad_alloc.obj
 0002:00000420       ??_C@_0BF@KINCDENJ@bad?5array?5new?5length?$AA@ 0000000180012420     LIBCMT:throw_bad_alloc.obj
 0002:000004a0       ??_C@_1BC@DNHGCMLG@?$AAa?$AAd?$AAv?$AAa?$AAp?$AAi?$AA3?$AA2?$AA?$AA@ 00000001800124a0     libvcruntime:winapi_downlevel.obj
 0002:000004b8       ??_C@_1DM@KHCHBNEB@?$AAa?$AAp?$AAi?$AA?9?$AAm?$AAs?$AA?9?$AAw?$AAi?$AAn?$AA?9?$AAc?$AAo?$AAr?$AAe?$AA?9?$AAf?$AAi?$AAb?$AAe?$AAr?$AAs?$AA?9?$AAl?$AA1?$AA?9?$AA1?$AA?9?$AA1?$AA?$AA@ 00000001800124b8     libvcruntime:winapi_downlevel.obj
 0002:000004f8       ??_C@_1DK@LPPGFMPP@?$AAa?$AAp?$AAi?$AA?9?$AAm?$AAs?$AA?9?$AAw?$AAi?$AAn?$AA?9?$AAc?$AAo?$AAr?$AAe?$AA?9?$AAs?$AAy?$AAn?$AAc?$AAh?$AA?9?$AAl?$AA1?$AA?9?$AA2?$AA?9?$AA0?$AA?$AA@ 00000001800124f8     libvcruntime:winapi_downlevel.obj
 0002:00000538       ??_C@_1BC@GDMECMAK@?$AAk?$AAe?$AAr?$AAn?$AAe?$AAl?$AA3?$AA2?$AA?$AA@ 0000000180012538     libvcruntime:winapi_downlevel.obj
 0002:00000558       ??_C@_08KNHFBNJ@FlsAlloc?$AA@ 0000000180012558     libvcruntime:winapi_downlevel.obj
 0002:00000570       ??_C@_07PEJMOBNF@FlsFree?$AA@ 0000000180012570     libvcruntime:winapi_downlevel.obj
 0002:00000580       ??_C@_0M@GDNOONDI@FlsGetValue?$AA@ 0000000180012580     libvcruntime:winapi_downlevel.obj
 0002:00000598       ??_C@_0M@JCPCPOEF@FlsSetValue?$AA@ 0000000180012598     libvcruntime:winapi_downlevel.obj
 0002:000005b0       ??_C@_0BM@HCFOFFN@InitializeCriticalSectionEx?$AA@ 00000001800125b0     libvcruntime:winapi_downlevel.obj
 0002:000008f0       ??_C@_08EHJDFFNH@__based?$CI?$AA@ 00000001800128f0     libvcruntime:undname.obj
 0002:00000900       ??_C@_07KOLFKCDI@__cdecl?$AA@ 0000000180012900     libvcruntime:undname.obj
 0002:00000908       ??_C@_08GHMPAG@__pascal?$AA@ 0000000180012908     libvcruntime:undname.obj
 0002:00000918       ??_C@_09IFJBGAPI@__stdcall?$AA@ 0000000180012918     libvcruntime:undname.obj
 0002:00000928       ??_C@_0L@NPHFGOKO@__thiscall?$AA@ 0000000180012928     libvcruntime:undname.obj
 0002:00000938       ??_C@_0L@JMKHOMEK@__fastcall?$AA@ 0000000180012938     libvcruntime:undname.obj
 0002:00000948       ??_C@_0N@BCKKPABJ@__vectorcall?$AA@ 0000000180012948     libvcruntime:undname.obj
 0002:00000958       ??_C@_09HIJEGCPM@__clrcall?$AA@ 0000000180012958     libvcruntime:undname.obj
 0002:00000964       ??_C@_06GHPCKEAG@__eabi?$AA@ 0000000180012964     libvcruntime:undname.obj
 0002:00000970       ??_C@_07JOMMBBKO@__ptr64?$AA@ 0000000180012970     libvcruntime:undname.obj
 0002:00000978       ??_C@_0L@PILCLIHE@__restrict?$AA@ 0000000180012978     libvcruntime:undname.obj
 0002:00000988       ??_C@_0M@GFIIJFMG@__unaligned?$AA@ 0000000180012988     libvcruntime:undname.obj
 0002:00000998       ??_C@_09DHDLOLLB@restrict?$CI?$AA@ 0000000180012998     libvcruntime:undname.obj
 0002:000009a4       ??_C@_04NIHEBCM@?5new?$AA@ 00000001800129a4     libvcruntime:undname.obj
 0002:000009b0       ??_C@_07FPCDHGMM@?5delete?$AA@ 00000001800129b0     libvcruntime:undname.obj
 0002:000009b8       ??_C@_01NEMOKFLO@?$DN?$AA@ 00000001800129b8     libvcruntime:undname.obj
 0002:000009bc       ??_C@_02GPIOPFAK@?$DO?$DO?$AA@ 00000001800129bc     libvcruntime:undname.obj
 0002:000009c0       ??_C@_02FODMEDOG@?$DM?$DM?$AA@ 00000001800129c0     libvcruntime:undname.obj
 0002:000009c4       ??_C@_01DCLJPIOD@?$CB?$AA@ 00000001800129c4     libvcruntime:undname.obj
 0002:000009c8       ??_C@_02EGOFBIJA@?$DN?$DN?$AA@ 00000001800129c8     libvcruntime:undname.obj
 0002:000009cc       ??_C@_02FDNJECIE@?$CB?$DN?$AA@ 00000001800129cc     libvcruntime:undname.obj
 0002:000009d0       ??_C@_02GPECMEKF@?$FL?$FN?$AA@ 00000001800129d0     libvcruntime:undname.obj
 0002:000009d8       ??_C@_08LHJFAFGD@operator?$AA@ 00000001800129d8     libvcruntime:undname.obj
 0002:000009e4       ??_C@_02HBOOOICD@?9?$DO?$AA@ 00000001800129e4     libvcruntime:undname.obj
 0002:000009e8       ??_C@_01NBENCBCI@?$CK?$AA@ 00000001800129e8     libvcruntime:undname.obj
 0002:000009ec       ??_C@_02ECNGHCIF@?$CL?$CL?$AA@ 00000001800129ec     libvcruntime:undname.obj
 0002:000009f0       ??_C@_02BAABKJLB@?9?9?$AA@ 00000001800129f0     libvcruntime:undname.obj
 0002:000009f4       ??_C@_01JOAMLHOP@?9?$AA@   00000001800129f4     libvcruntime:undname.obj
 0002:000009f8       ??_C@_01MIFGBAGJ@?$CL?$AA@ 00000001800129f8     libvcruntime:undname.obj
 0002:000009fc       ??_C@_01HNPIGOCE@?$CG?$AA@ 00000001800129fc     libvcruntime:undname.obj
 0002:00000a00       ??_C@_03MNHNFDLC@?9?$DO?$CK?$AA@ 0000000180012a00     libvcruntime:undname.obj
 0002:00000a04       ??_C@_01KMDKNFGN@?1?$AA@   0000000180012a04     libvcruntime:undname.obj
 0002:00000a08       ??_C@_01FGNFDNOH@?$CF?$AA@ 0000000180012a08     libvcruntime:undname.obj
 0002:00000a0c       ??_C@_01MNNFJEPP@?$DM?$AA@ 0000000180012a0c     libvcruntime:undname.obj
 0002:00000a10       ??_C@_02EHCHHCKH@?$DM?$DN?$AA@ 0000000180012a10     libvcruntime:undname.obj
 0002:00000a14       ??_C@_01PPODPGHN@?$DO?$AA@ 0000000180012a14     libvcruntime:undname.obj
 0002:00000a18       ??_C@_02EEKDKGMJ@?$DO?$DN?$AA@ 0000000180012a18     libvcruntime:undname.obj
 0002:00000a1c       ??_C@_01IHBHIGKO@?0?$AA@   0000000180012a1c     libvcruntime:undname.obj
 0002:00000a20       ??_C@_02HCKGKOFO@?$CI?$CJ?$AA@ 0000000180012a20     libvcruntime:undname.obj
 0002:00000a24       ??_C@_01PJKLJHI@?$HO?$AA@  0000000180012a24     libvcruntime:undname.obj
 0002:00000a28       ??_C@_01JKBOJNNK@?$FO?$AA@ 0000000180012a28     libvcruntime:undname.obj
 0002:00000a2c       ??_C@_01DNKMNLPK@?$HM?$AA@ 0000000180012a2c     libvcruntime:undname.obj
 0002:00000a30       ??_C@_02PPKAJPJL@?$CG?$CG?$AA@ 0000000180012a30     libvcruntime:undname.obj
 0002:00000a34       ??_C@_02NONPIBCD@?$HM?$HM?$AA@ 0000000180012a34     libvcruntime:undname.obj
 0002:00000a38       ??_C@_02FPIMKNGF@?$CK?$DN?$AA@ 0000000180012a38     libvcruntime:undname.obj
 0002:00000a3c       ??_C@_02FOEOMHFC@?$CL?$DN?$AA@ 0000000180012a3c     libvcruntime:undname.obj
 0002:00000a40       ??_C@_02FKMDLLOA@?9?$DN?$AA@ 0000000180012a40     libvcruntime:undname.obj
 0002:00000a44       ??_C@_02FJEHGPIO@?1?$DN?$AA@ 0000000180012a44     libvcruntime:undname.obj
 0002:00000a48       ??_C@_02FENAOKFI@?$CF?$DN?$AA@ 0000000180012a48     libvcruntime:undname.obj
 0002:00000a4c       ??_C@_03IKFCCPFF@?$DO?$DO?$DN?$AA@ 0000000180012a4c     libvcruntime:undname.obj
 0002:00000a50       ??_C@_03CDNPDDLA@?$DM?$DM?$DN?$AA@ 0000000180012a50     libvcruntime:undname.obj
 0002:00000a54       ??_C@_02FGJGFEAB@?$CG?$DN?$AA@ 0000000180012a54     libvcruntime:undname.obj
 0002:00000a58       ??_C@_02DHLNPPGH@?$HM?$DN?$AA@ 0000000180012a58     libvcruntime:undname.obj
 0002:00000a5c       ??_C@_02MHEGNOJ@?$FO?$DN?$AA@ 0000000180012a5c     libvcruntime:undname.obj
 0002:00000a60       ??_C@_09IFPLHPGF@?$GAvftable?8?$AA@ 0000000180012a60     libvcruntime:undname.obj
 0002:00000a70       ??_C@_09BLBHBJP@?$GAvbtable?8?$AA@ 0000000180012a70     libvcruntime:undname.obj
 0002:00000a80       ??_C@_07FEEIOKP@?$GAvcall?8?$AA@ 0000000180012a80     libvcruntime:undname.obj
 0002:00000a88       ??_C@_08LLFFHHDJ@?$GAtypeof?8?$AA@ 0000000180012a88     libvcruntime:undname.obj
 0002:00000a98       ??_C@_0BF@KDPPACIK@?$GAlocal?5static?5guard?8?$AA@ 0000000180012a98     libvcruntime:undname.obj
 0002:00000ab0       ??_C@_08OBABFOLI@?$GAstring?8?$AA@ 0000000180012ab0     libvcruntime:undname.obj
 0002:00000ac0       ??_C@_0BD@JDLKDPAB@?$GAvbase?5destructor?8?$AA@ 0000000180012ac0     libvcruntime:undname.obj
 0002:00000ad8       ??_C@_0BN@DEGPLNFK@?$GAvector?5deleting?5destructor?8?$AA@ 0000000180012ad8     libvcruntime:undname.obj
 0002:00000af8       ??_C@_0BO@OBMKPJIG@?$GAdefault?5constructor?5closure?8?$AA@ 0000000180012af8     libvcruntime:undname.obj
 0002:00000b18       ??_C@_0BN@IMDCHIKM@?$GAscalar?5deleting?5destructor?8?$AA@ 0000000180012b18     libvcruntime:undname.obj
 0002:00000b38       ??_C@_0BO@PFGOCPJJ@?$GAvector?5constructor?5iterator?8?$AA@ 0000000180012b38     libvcruntime:undname.obj
 0002:00000b58       ??_C@_0BN@LFPFMEDL@?$GAvector?5destructor?5iterator?8?$AA@ 0000000180012b58     libvcruntime:undname.obj
 0002:00000b78       ??_C@_0CE@IKBNEHA@?$GAvector?5vbase?5constructor?5iterat@ 0000000180012b78     libvcruntime:undname.obj
 0002:00000ba0       ??_C@_0BL@NILFHHPC@?$GAvirtual?5displacement?5map?8?$AA@ 0000000180012ba0     libvcruntime:undname.obj
 0002:00000bc0       ??_C@_0CB@JONCMFFK@?$GAeh?5vector?5constructor?5iterator?8@ 0000000180012bc0     libvcruntime:undname.obj
 0002:00000be8       ??_C@_0CA@GCEOPDGL@?$GAeh?5vector?5destructor?5iterator?8?$AA@ 0000000180012be8     libvcruntime:undname.obj
 0002:00000c08       ??_C@_0CH@OOJPLCPH@?$GAeh?5vector?5vbase?5constructor?5ite@ 0000000180012c08     libvcruntime:undname.obj
 0002:00000c30       ??_C@_0BL@LLKPOHJI@?$GAcopy?5constructor?5closure?8?$AA@ 0000000180012c30     libvcruntime:undname.obj
 0002:00000c50       ??_C@_0BA@KBCDOMBN@?$GAudt?5returning?8?$AA@ 0000000180012c50     libvcruntime:undname.obj
 0002:00000c60       ??_C@_03KLGMFNMG@?$GAEH?$AA@ 0000000180012c60     libvcruntime:undname.obj
 0002:00000c64       ??_C@_05KHLCHHI@?$GARTTI?$AA@ 0000000180012c64     libvcruntime:undname.obj
 0002:00000c70       ??_C@_0BA@KKLDJDLB@?$GAlocal?5vftable?8?$AA@ 0000000180012c70     libvcruntime:undname.obj
 0002:00000c80       ??_C@_0CE@IIHCMGGL@?$GAlocal?5vftable?5constructor?5closu@ 0000000180012c80     libvcruntime:undname.obj
 0002:00000ca4       ??_C@_06FHBGPFGH@?5new?$FL?$FN?$AA@ 0000000180012ca4     libvcruntime:undname.obj
 0002:00000cb0       ??_C@_09LBNFPBCA@?5delete?$FL?$FN?$AA@ 0000000180012cb0     libvcruntime:undname.obj
 0002:00000cc0       ??_C@_0P@HJKNJFNN@?$GAomni?5callsig?8?$AA@ 0000000180012cc0     libvcruntime:undname.obj
 0002:00000cd0       ??_C@_0BL@CNOONJFP@?$GAplacement?5delete?5closure?8?$AA@ 0000000180012cd0     libvcruntime:undname.obj
 0002:00000cf0       ??_C@_0BN@CKNJLHMB@?$GAplacement?5delete?$FL?$FN?5closure?8?$AA@ 0000000180012cf0     libvcruntime:undname.obj
 0002:00000d10       ??_C@_0CG@CFDHKGGD@?$GAmanaged?5vector?5constructor?5iter@ 0000000180012d10     libvcruntime:undname.obj
 0002:00000d38       ??_C@_0CF@IMGKMJNO@?$GAmanaged?5vector?5destructor?5itera@ 0000000180012d38     libvcruntime:undname.obj
 0002:00000d60       ??_C@_0CG@HLDDJMAG@?$GAeh?5vector?5copy?5constructor?5iter@ 0000000180012d60     libvcruntime:undname.obj
 0002:00000d88       ??_C@_0CM@FCBBDIGB@?$GAeh?5vector?5vbase?5copy?5constructo@ 0000000180012d88     libvcruntime:undname.obj
 0002:00000db8       ??_C@_0BL@CLIPGLGB@?$GAdynamic?5initializer?5for?5?8?$AA@ 0000000180012db8     libvcruntime:undname.obj
 0002:00000dd8       ??_C@_0CB@PDBIFEP@?$GAdynamic?5atexit?5destructor?5for?5?8@ 0000000180012dd8     libvcruntime:undname.obj
 0002:00000e00       ??_C@_0CD@CGAJBKEJ@?$GAvector?5copy?5constructor?5iterato@ 0000000180012e00     libvcruntime:undname.obj
 0002:00000e28       ??_C@_0CJ@GJELGAMM@?$GAvector?5vbase?5copy?5constructor?5i@ 0000000180012e28     libvcruntime:undname.obj
 0002:00000e58       ??_C@_0CL@FGIJHLCE@?$GAmanaged?5vector?5copy?5constructor@ 0000000180012e58     libvcruntime:undname.obj
 0002:00000e88       ??_C@_0BM@PMGGMLDN@?$GAlocal?5static?5thread?5guard?8?$AA@ 0000000180012e88     libvcruntime:undname.obj
 0002:00000ea8       ??_C@_0N@BDNMDMOL@operator?5?$CC?$CC?5?$AA@ 0000000180012ea8     libvcruntime:undname.obj
 0002:00000eb8       ??_C@_0BC@DAFEJGAK@?5Type?5Descriptor?8?$AA@ 0000000180012eb8     libvcruntime:undname.obj
 0002:00000ed0       ??_C@_0BM@LDKODKLH@?5Base?5Class?5Descriptor?5at?5?$CI?$AA@ 0000000180012ed0     libvcruntime:undname.obj
 0002:00000ef0       ??_C@_0BD@LGICGFMM@?5Base?5Class?5Array?8?$AA@ 0000000180012ef0     libvcruntime:undname.obj
 0002:00000f08       ??_C@_0BN@MECKDCOJ@?5Class?5Hierarchy?5Descriptor?8?$AA@ 0000000180012f08     libvcruntime:undname.obj
 0002:00000f28       ??_C@_0BK@CFCOFLF@?5Complete?5Object?5Locator?8?$AA@ 0000000180012f28     libvcruntime:undname.obj
 0002:00000f50       __acrt_exception_action_table 0000000180012f50     libucrt:exception_filter.obj
 0002:00001010       __acrt_signal_action_table_count 0000000180013010     libucrt:exception_filter.obj
 0002:00001018       __acrt_signal_action_first_fpe_index 0000000180013018     libucrt:exception_filter.obj
 0002:00001020       __acrt_signal_action_fpe_count 0000000180013020     libucrt:exception_filter.obj
 0002:00001028       ??_C@_1BI@BGOHAHKC@?$AAm?$AAs?$AAc?$AAo?$AAr?$AAe?$AAe?$AA?4?$AAd?$AAl?$AAl?$AA?$AA@ 0000000180013028     libucrt:exit.obj
 0002:00001040       ??_C@_0P@MIGLKIOC@CorExitProcess?$AA@ 0000000180013040     libucrt:exit.obj
 0002:000012b0       __lc_time_c                00000001800132b0     libucrt:nlsdata.obj
 0002:00001570       ??_C@_03KOEHGMDN@Sun?$AA@  0000000180013570     libucrt:nlsdata.obj
 0002:00001574       ??_C@_03PDAGKDH@Mon?$AA@   0000000180013574     libucrt:nlsdata.obj
 0002:00001578       ??_C@_03NAGEINEP@Tue?$AA@  0000000180013578     libucrt:nlsdata.obj
 0002:0000157c       ??_C@_03MHOMLAJA@Wed?$AA@  000000018001357c     libucrt:nlsdata.obj
 0002:00001580       ??_C@_03IOFIKPDN@Thu?$AA@  0000000180013580     libucrt:nlsdata.obj
 0002:00001584       ??_C@_03IDIOELNC@Fri?$AA@  0000000180013584     libucrt:nlsdata.obj
 0002:00001588       ??_C@_03FEFJNEK@Sat?$AA@   0000000180013588     libucrt:nlsdata.obj
 0002:0000158c       ??_C@_06OOPIFAJ@Sunday?$AA@ 000000018001358c     libucrt:nlsdata.obj
 0002:00001594       ??_C@_06JLEDEDGH@Monday?$AA@ 0000000180013594     libucrt:nlsdata.obj
 0002:000015a0       ??_C@_07BAAGCFCM@Tuesday?$AA@ 00000001800135a0     libucrt:nlsdata.obj
 0002:000015a8       ??_C@_09DLIGFAKA@Wednesday?$AA@ 00000001800135a8     libucrt:nlsdata.obj
 0002:000015b8       ??_C@_08HACCIKIA@Thursday?$AA@ 00000001800135b8     libucrt:nlsdata.obj
 0002:000015c4       ??_C@_06JECMNKMI@Friday?$AA@ 00000001800135c4     libucrt:nlsdata.obj
 0002:000015d0       ??_C@_08INBOOONO@Saturday?$AA@ 00000001800135d0     libucrt:nlsdata.obj
 0002:000015dc       ??_C@_03JIHJHPIE@Jan?$AA@  00000001800135dc     libucrt:nlsdata.obj
 0002:000015e0       ??_C@_03HJBDCHOM@Feb?$AA@  00000001800135e0     libucrt:nlsdata.obj
 0002:000015e4       ??_C@_03ODNJBKGA@Mar?$AA@  00000001800135e4     libucrt:nlsdata.obj
 0002:000015e8       ??_C@_03LEOLGMJP@Apr?$AA@  00000001800135e8     libucrt:nlsdata.obj
 0002:000015ec       ??_C@_03CNMDKL@May?$AA@    00000001800135ec     libucrt:nlsdata.obj
 0002:000015f0       ??_C@_03IDFGHECI@Jun?$AA@  00000001800135f0     libucrt:nlsdata.obj
 0002:000015f4       ??_C@_03LBGABGKK@Jul?$AA@  00000001800135f4     libucrt:nlsdata.obj
 0002:000015f8       ??_C@_03IFJFEIGA@Aug?$AA@  00000001800135f8     libucrt:nlsdata.obj
 0002:000015fc       ??_C@_03GGCAPAJC@Sep?$AA@  00000001800135fc     libucrt:nlsdata.obj
 0002:00001600       ??_C@_03BMAOKBAD@Oct?$AA@  0000000180013600     libucrt:nlsdata.obj
 0002:00001604       ??_C@_03JPJOFNIA@Nov?$AA@  0000000180013604     libucrt:nlsdata.obj
 0002:00001608       ??_C@_03MKABNOCG@Dec?$AA@  0000000180013608     libucrt:nlsdata.obj
 0002:00001610       ??_C@_07CGJPFGJA@January?$AA@ 0000000180013610     libucrt:nlsdata.obj
 0002:00001618       ??_C@_08GNJGEPFN@February?$AA@ 0000000180013618     libucrt:nlsdata.obj
 0002:00001624       ??_C@_05HPCKOFNC@March?$AA@ 0000000180013624     libucrt:nlsdata.obj
 0002:0000162c       ??_C@_05DMJDNLEJ@April?$AA@ 000000018001362c     libucrt:nlsdata.obj
 0002:00001634       ??_C@_04CNLMGBGM@June?$AA@ 0000000180013634     libucrt:nlsdata.obj
 0002:0000163c       ??_C@_04MIEPOIFP@July?$AA@ 000000018001363c     libucrt:nlsdata.obj
 0002:00001644       ??_C@_06LBBHFDDG@August?$AA@ 0000000180013644     libucrt:nlsdata.obj
 0002:00001650       ??_C@_09BHHEALKD@September?$AA@ 0000000180013650     libucrt:nlsdata.obj
 0002:00001660       ??_C@_07JJNFCEND@October?$AA@ 0000000180013660     libucrt:nlsdata.obj
 0002:00001668       ??_C@_08HCHEGEOA@November?$AA@ 0000000180013668     libucrt:nlsdata.obj
 0002:00001678       ??_C@_08EDHMEBNP@December?$AA@ 0000000180013678     libucrt:nlsdata.obj
 0002:00001684       ??_C@_02DEDBPAFC@AM?$AA@   0000000180013684     libucrt:nlsdata.obj
 0002:00001688       ??_C@_02CJNFDJBF@PM?$AA@   0000000180013688     libucrt:nlsdata.obj
 0002:00001690       ??_C@_08BPBNCDIB@MM?1dd?1yy?$AA@ 0000000180013690     libucrt:nlsdata.obj
 0002:000016a0       ??_C@_0BE@CKGJFCPC@dddd?0?5MMMM?5dd?0?5yyyy?$AA@ 00000001800136a0     libucrt:nlsdata.obj
 0002:000016b8       ??_C@_08JCCMCCIL@HH?3mm?3ss?$AA@ 00000001800136b8     libucrt:nlsdata.obj
 0002:000016c8       ??_C@_17MBGCMIPB@?$AAS?$AAu?$AAn?$AA?$AA@ 00000001800136c8     libucrt:nlsdata.obj
 0002:000016d0       ??_C@_17KBOMKBF@?$AAM?$AAo?$AAn?$AA?$AA@ 00000001800136d0     libucrt:nlsdata.obj
 0002:000016d8       ??_C@_17BMKGEGOJ@?$AAT?$AAu?$AAe?$AA?$AA@ 00000001800136d8     libucrt:nlsdata.obj
 0002:000016e0       ??_C@_17CJEDCEPE@?$AAW?$AAe?$AAd?$AA?$AA@ 00000001800136e0     libucrt:nlsdata.obj
 0002:000016e8       ??_C@_17PDPHAADD@?$AAT?$AAh?$AAu?$AA?$AA@ 00000001800136e8     libucrt:nlsdata.obj
 0002:000016f0       ??_C@_17HFOLPPLP@?$AAF?$AAr?$AAi?$AA?$AA@ 00000001800136f0     libucrt:nlsdata.obj
 0002:000016f8       ??_C@_17GGIBDPIH@?$AAS?$AAa?$AAt?$AA?$AA@ 00000001800136f8     libucrt:nlsdata.obj
 0002:00001700       ??_C@_1O@IHNHDHPB@?$AAS?$AAu?$AAn?$AAd?$AAa?$AAy?$AA?$AA@ 0000000180013700     libucrt:nlsdata.obj
 0002:00001710       ??_C@_1O@MMNBFLIA@?$AAM?$AAo?$AAn?$AAd?$AAa?$AAy?$AA?$AA@ 0000000180013710     libucrt:nlsdata.obj
 0002:00001720       ??_C@_1BA@ENFBFFEK@?$AAT?$AAu?$AAe?$AAs?$AAd?$AAa?$AAy?$AA?$AA@ 0000000180013720     libucrt:nlsdata.obj
 0002:00001730       ??_C@_1BE@EBOGMDOH@?$AAW?$AAe?$AAd?$AAn?$AAe?$AAs?$AAd?$AAa?$AAy?$AA?$AA@ 0000000180013730     libucrt:nlsdata.obj
 0002:00001748       ??_C@_1BC@HHMNLIHE@?$AAT?$AAh?$AAu?$AAr?$AAs?$AAd?$AAa?$AAy?$AA?$AA@ 0000000180013748     libucrt:nlsdata.obj
 0002:00001760       ??_C@_1O@PDICJHAG@?$AAF?$AAr?$AAi?$AAd?$AAa?$AAy?$AA?$AA@ 0000000180013760     libucrt:nlsdata.obj
 0002:00001770       ??_C@_1BC@ENMNNPAJ@?$AAS?$AAa?$AAt?$AAu?$AAr?$AAd?$AAa?$AAy?$AA?$AA@ 0000000180013770     libucrt:nlsdata.obj
 0002:00001788       ??_C@_17DKNBKCHM@?$AAJ?$AAa?$AAn?$AA?$AA@ 0000000180013788     libucrt:nlsdata.obj
 0002:00001790       ??_C@_17LMDJEKJN@?$AAF?$AAe?$AAb?$AA?$AA@ 0000000180013790     libucrt:nlsdata.obj
 0002:00001798       ??_C@_17CKNLEDEC@?$AAM?$AAa?$AAr?$AA?$AA@ 0000000180013798     libucrt:nlsdata.obj
 0002:000017a0       ??_C@_17LFPOIHDD@?$AAA?$AAp?$AAr?$AA?$AA@ 00000001800137a0     libucrt:nlsdata.obj
 0002:000017a8       ??_C@_17PNNKMEED@?$AAM?$AAa?$AAy?$AA?$AA@ 00000001800137a8     libucrt:nlsdata.obj
 0002:000017b0       ??_C@_17KCJGOCPB@?$AAJ?$AAu?$AAn?$AA?$AA@ 00000001800137b0     libucrt:nlsdata.obj
 0002:000017b8       ??_C@_17IJPCKHK@?$AAJ?$AAu?$AAl?$AA?$AA@ 00000001800137b8     libucrt:nlsdata.obj
 0002:000017c0       ??_C@_17ICPELBCN@?$AAA?$AAu?$AAg?$AA?$AA@ 00000001800137c0     libucrt:nlsdata.obj
 0002:000017c8       ??_C@_17HCHCOKMG@?$AAS?$AAe?$AAp?$AA?$AA@ 00000001800137c8     libucrt:nlsdata.obj
 0002:000017d0       ??_C@_17FNLKOI@?$AAO?$AAc?$AAt?$AA?$AA@ 00000001800137d0     libucrt:nlsdata.obj
 0002:000017d8       ??_C@_17BBDMLCIG@?$AAN?$AAo?$AAv?$AA?$AA@ 00000001800137d8     libucrt:nlsdata.obj
 0002:000017e0       ??_C@_17EGKACKIF@?$AAD?$AAe?$AAc?$AA?$AA@ 00000001800137e0     libucrt:nlsdata.obj
 0002:000017e8       ??_C@_1BA@EFMEIEBA@?$AAJ?$AAa?$AAn?$AAu?$AAa?$AAr?$AAy?$AA?$AA@ 00000001800137e8     libucrt:nlsdata.obj
 0002:000017f8       ??_C@_1BC@JGDDFFAM@?$AAF?$AAe?$AAb?$AAr?$AAu?$AAa?$AAr?$AAy?$AA?$AA@ 00000001800137f8     libucrt:nlsdata.obj
 0002:00001810       ??_C@_1M@IKEENEDF@?$AAM?$AAa?$AAr?$AAc?$AAh?$AA?$AA@ 0000000180013810     libucrt:nlsdata.obj
 0002:00001820       ??_C@_1M@GJNLMHFD@?$AAA?$AAp?$AAr?$AAi?$AAl?$AA?$AA@ 0000000180013820     libucrt:nlsdata.obj
 0002:00001830       ??_C@_19EPFLPGAP@?$AAJ?$AAu?$AAn?$AAe?$AA?$AA@ 0000000180013830     libucrt:nlsdata.obj
 0002:00001840       ??_C@_19BIFMLPCD@?$AAJ?$AAu?$AAl?$AAy?$AA?$AA@ 0000000180013840     libucrt:nlsdata.obj
 0002:00001850       ??_C@_1O@PAHLKOAC@?$AAA?$AAu?$AAg?$AAu?$AAs?$AAt?$AA?$AA@ 0000000180013850     libucrt:nlsdata.obj
 0002:00001860       ??_C@_1BE@DKAAMBJL@?$AAS?$AAe?$AAp?$AAt?$AAe?$AAm?$AAb?$AAe?$AAr?$AA?$AA@ 0000000180013860     libucrt:nlsdata.obj
 0002:00001878       ??_C@_1BA@EPANDLNG@?$AAO?$AAc?$AAt?$AAo?$AAb?$AAe?$AAr?$AA?$AA@ 0000000180013878     libucrt:nlsdata.obj
 0002:00001888       ??_C@_1BC@BGLIFPF@?$AAN?$AAo?$AAv?$AAe?$AAm?$AAb?$AAe?$AAr?$AA?$AA@ 0000000180013888     libucrt:nlsdata.obj
 0002:000018a0       ??_C@_1BC@FEMKIFH@?$AAD?$AAe?$AAc?$AAe?$AAm?$AAb?$AAe?$AAr?$AA?$AA@ 00000001800138a0     libucrt:nlsdata.obj
 0002:000018b4       ??_C@_15ODEHAHHF@?$AAA?$AAM?$AA?$AA@ 00000001800138b4     libucrt:nlsdata.obj
 0002:000018bc       ??_C@_15CLMNNGEL@?$AAP?$AAM?$AA?$AA@ 00000001800138bc     libucrt:nlsdata.obj
 0002:000018c8       ??_C@_1BC@IEBCMHCM@?$AAM?$AAM?$AA?1?$AAd?$AAd?$AA?1?$AAy?$AAy?$AA?$AA@ 00000001800138c8     libucrt:nlsdata.obj
 0002:000018e0       ??_C@_1CI@KNAKOEBC@?$AAd?$AAd?$AAd?$AAd?$AA?0?$AA?5?$AAM?$AAM?$AAM?$AAM?$AA?5?$AAd?$AAd?$AA?0?$AA?5?$AAy?$AAy?$AAy?$AAy?$AA?$AA@ 00000001800138e0     libucrt:nlsdata.obj
 0002:00001908       ??_C@_1BC@GDGBMEMK@?$AAH?$AAH?$AA?3?$AAm?$AAm?$AA?3?$AAs?$AAs?$AA?$AA@ 0000000180013908     libucrt:nlsdata.obj
 0002:00001920       ??_C@_1M@BMHNFIME@?$AAe?$AAn?$AA?9?$AAU?$AAS?$AA?$AA@ 0000000180013920     libucrt:nlsdata.obj
 0002:000019d0       ??_C@_1EG@CNNIPFIM@?$AAa?$AAp?$AAi?$AA?9?$AAm?$AAs?$AA?9?$AAw?$AAi?$AAn?$AA?9?$AAa?$AAp?$AAp?$AAm?$AAo?$AAd?$AAe?$AAl?$AA?9?$AAr?$AAu?$AAn?$AAt?$AAi?$AAm?$AAe?$AA?9?$AAl?$AA1?$AA?9?$AA1@ 00000001800139d0     libucrt:winapi_thunks.obj
 0002:00001a20       ??_C@_1EA@JGEFHKEI@?$AAa?$AAp?$AAi?$AA?9?$AAm?$AAs?$AA?9?$AAw?$AAi?$AAn?$AA?9?$AAc?$AAo?$AAr?$AAe?$AA?9?$AAd?$AAa?$AAt?$AAe?$AAt?$AAi?$AAm?$AAe?$AA?9?$AAl?$AA1?$AA?9?$AA1?$AA?9?$AA1?$AA?$AA@ 0000000180013a20     libucrt:winapi_thunks.obj
 0002:00001a60       ??_C@_1DI@GCIAAENM@?$AAa?$AAp?$AAi?$AA?9?$AAm?$AAs?$AA?9?$AAw?$AAi?$AAn?$AA?9?$AAc?$AAo?$AAr?$AAe?$AA?9?$AAf?$AAi?$AAl?$AAe?$AA?9?$AAl?$AA2?$AA?9?$AA1?$AA?9?$AA1?$AA?$AA@ 0000000180013a60     libucrt:winapi_thunks.obj
 0002:00001aa0       ??_C@_1EI@MPIAOHOC@?$AAa?$AAp?$AAi?$AA?9?$AAm?$AAs?$AA?9?$AAw?$AAi?$AAn?$AA?9?$AAc?$AAo?$AAr?$AAe?$AA?9?$AAl?$AAo?$AAc?$AAa?$AAl?$AAi?$AAz?$AAa?$AAt?$AAi?$AAo?$AAn?$AA?9?$AAl?$AA1?$AA?9@ 0000000180013aa0     libucrt:winapi_thunks.obj
 0002:00001af0       ??_C@_1FK@FPHCKFIE@?$AAa?$AAp?$AAi?$AA?9?$AAm?$AAs?$AA?9?$AAw?$AAi?$AAn?$AA?9?$AAc?$AAo?$AAr?$AAe?$AA?9?$AAl?$AAo?$AAc?$AAa?$AAl?$AAi?$AAz?$AAa?$AAt?$AAi?$AAo?$AAn?$AA?9?$AAo?$AAb?$AAs@ 0000000180013af0     libucrt:winapi_thunks.obj
 0002:00001b50       ??_C@_1EM@DILCGIIO@?$AAa?$AAp?$AAi?$AA?9?$AAm?$AAs?$AA?9?$AAw?$AAi?$AAn?$AA?9?$AAc?$AAo?$AAr?$AAe?$AA?9?$AAp?$AAr?$AAo?$AAc?$AAe?$AAs?$AAs?$AAt?$AAh?$AAr?$AAe?$AAa?$AAd?$AAs?$AA?9?$AAl@ 0000000180013b50     libucrt:winapi_thunks.obj
 0002:00001ba0       ??_C@_1DM@LNCGDDPN@?$AAa?$AAp?$AAi?$AA?9?$AAm?$AAs?$AA?9?$AAw?$AAi?$AAn?$AA?9?$AAc?$AAo?$AAr?$AAe?$AA?9?$AAs?$AAt?$AAr?$AAi?$AAn?$AAg?$AA?9?$AAl?$AA1?$AA?9?$AA1?$AA?9?$AA0?$AA?$AA@ 0000000180013ba0     libucrt:winapi_thunks.obj
 0002:00001be0       ??_C@_1DO@FPAPJEMD@?$AAa?$AAp?$AAi?$AA?9?$AAm?$AAs?$AA?9?$AAw?$AAi?$AAn?$AA?9?$AAc?$AAo?$AAr?$AAe?$AA?9?$AAs?$AAy?$AAs?$AAi?$AAn?$AAf?$AAo?$AA?9?$AAl?$AA1?$AA?9?$AA2?$AA?9?$AA1?$AA?$AA@ 0000000180013be0     libucrt:winapi_thunks.obj
 0002:00001c20       ??_C@_1DK@NDHNAHIO@?$AAa?$AAp?$AAi?$AA?9?$AAm?$AAs?$AA?9?$AAw?$AAi?$AAn?$AA?9?$AAc?$AAo?$AAr?$AAe?$AA?9?$AAw?$AAi?$AAn?$AAr?$AAt?$AA?9?$AAl?$AA1?$AA?9?$AA1?$AA?9?$AA0?$AA?$AA@ 0000000180013c20     libucrt:winapi_thunks.obj
 0002:00001c60       ??_C@_1DM@KGHDGBCM@?$AAa?$AAp?$AAi?$AA?9?$AAm?$AAs?$AA?9?$AAw?$AAi?$AAn?$AA?9?$AAc?$AAo?$AAr?$AAe?$AA?9?$AAx?$AAs?$AAt?$AAa?$AAt?$AAe?$AA?9?$AAl?$AA2?$AA?9?$AA1?$AA?9?$AA0?$AA?$AA@ 0000000180013c60     libucrt:winapi_thunks.obj
 0002:00001ca0       ??_C@_1EO@IJIOEFOH@?$AAa?$AAp?$AAi?$AA?9?$AAm?$AAs?$AA?9?$AAw?$AAi?$AAn?$AA?9?$AAr?$AAt?$AAc?$AAo?$AAr?$AAe?$AA?9?$AAn?$AAt?$AAu?$AAs?$AAe?$AAr?$AA?9?$AAw?$AAi?$AAn?$AAd?$AAo?$AAw?$AA?9@ 0000000180013ca0     libucrt:winapi_thunks.obj
 0002:00001cf0       ??_C@_1FG@HHGEKANL@?$AAa?$AAp?$AAi?$AA?9?$AAm?$AAs?$AA?9?$AAw?$AAi?$AAn?$AA?9?$AAs?$AAe?$AAc?$AAu?$AAr?$AAi?$AAt?$AAy?$AA?9?$AAs?$AAy?$AAs?$AAt?$AAe?$AAm?$AAf?$AAu?$AAn?$AAc?$AAt?$AAi@ 0000000180013cf0     libucrt:winapi_thunks.obj
 0002:00001d50       ??_C@_1FG@NCKKOLKO@?$AAe?$AAx?$AAt?$AA?9?$AAm?$AAs?$AA?9?$AAw?$AAi?$AAn?$AA?9?$AAk?$AAe?$AAr?$AAn?$AAe?$AAl?$AA3?$AA2?$AA?9?$AAp?$AAa?$AAc?$AAk?$AAa?$AAg?$AAe?$AA?9?$AAc?$AAu?$AAr?$AAr@ 0000000180013d50     libucrt:winapi_thunks.obj
 0002:00001db0       ??_C@_1EG@DBIOJECG@?$AAe?$AAx?$AAt?$AA?9?$AAm?$AAs?$AA?9?$AAw?$AAi?$AAn?$AA?9?$AAn?$AAt?$AAu?$AAs?$AAe?$AAr?$AA?9?$AAd?$AAi?$AAa?$AAl?$AAo?$AAg?$AAb?$AAo?$AAx?$AA?9?$AAl?$AA1?$AA?9?$AA1@ 0000000180013db0     libucrt:winapi_thunks.obj
 0002:00001e00       ??_C@_1EO@FIHMJCLF@?$AAe?$AAx?$AAt?$AA?9?$AAm?$AAs?$AA?9?$AAw?$AAi?$AAn?$AA?9?$AAn?$AAt?$AAu?$AAs?$AAe?$AAr?$AA?9?$AAw?$AAi?$AAn?$AAd?$AAo?$AAw?$AAs?$AAt?$AAa?$AAt?$AAi?$AAo?$AAn?$AA?9@ 0000000180013e00     libucrt:winapi_thunks.obj
 0002:00001e50       ??_C@_1O@BCCLBEOE@?$AAu?$AAs?$AAe?$AAr?$AA3?$AA2?$AA?$AA@ 0000000180013e50     libucrt:winapi_thunks.obj
 0002:00001e88       ??_C@_0BE@JOGNEJCI@GetCurrentPackageId?$AA@ 0000000180013e88     libucrt:winapi_thunks.obj
 0002:00001eb0       ??_C@_0O@KKBNKAPF@LCMapStringEx?$AA@ 0000000180013eb0     libucrt:winapi_thunks.obj
 0002:00001ec8       ??_C@_0BB@HBDEELFH@LocaleNameToLCID?$AA@ 0000000180013ec8     libucrt:winapi_thunks.obj
 0002:00001f00       ??_C@_1M@HPNHIDJI@?$AAj?$AAa?$AA?9?$AAJ?$AAP?$AA?$AA@ 0000000180013f00     libucrt:mbctype.obj
 0002:00001f10       ??_C@_1M@BIBDDEMK@?$AAz?$AAh?$AA?9?$AAC?$AAN?$AA?$AA@ 0000000180013f10     libucrt:mbctype.obj
 0002:00001f20       ??_C@_1M@JLOOOEGK@?$AAk?$AAo?$AA?9?$AAK?$AAR?$AA?$AA@ 0000000180013f20     libucrt:mbctype.obj
 0002:00001f30       ??_C@_1M@CLNBBOPM@?$AAz?$AAh?$AA?9?$AAT?$AAW?$AA?$AA@ 0000000180013f30     libucrt:mbctype.obj
 0002:00001f40       __newctype                 0000000180013f40     libucrt:ctype.obj
 0002:00002240       __newclmap                 0000000180014240     libucrt:ctype.obj
 0002:000023c0       __newcumap                 00000001800143c0     libucrt:ctype.obj
 0002:00002540       ??_C@_15PJPFLCCM@?$AAu?$AAk?$AA?$AA@ 0000000180014540     libucrt:get_qualified_locale.obj
 0002:00003390       ??_C@_15EMKDOKLE@?$AAa?$AAr?$AA?$AA@ 0000000180015390     libucrt:lcidtoname_downlevel.obj
 0002:00003398       ??_C@_15KNPADPLH@?$AAb?$AAg?$AA?$AA@ 0000000180015398     libucrt:lcidtoname_downlevel.obj
 0002:000033a0       ??_C@_15EDMHLDMO@?$AAc?$AAa?$AA?$AA@ 00000001800153a0     libucrt:lcidtoname_downlevel.obj
 0002:000033a8       ??_C@_1O@BPEAJADD@?$AAz?$AAh?$AA?9?$AAC?$AAH?$AAS?$AA?$AA@ 00000001800153a8     libucrt:lcidtoname_downlevel.obj
 0002:000033b8       ??_C@_15LJNHCMNK@?$AAc?$AAs?$AA?$AA@ 00000001800153b8     libucrt:lcidtoname_downlevel.obj
 0002:000033c0       ??_C@_15FOMCIDHG@?$AAd?$AAa?$AA?$AA@ 00000001800153c0     libucrt:lcidtoname_downlevel.obj
 0002:000033c8       ??_C@_15NBKABECB@?$AAd?$AAe?$AA?$AA@ 00000001800153c8     libucrt:lcidtoname_downlevel.obj
 0002:000033d0       ??_C@_15GHPEIIAO@?$AAe?$AAl?$AA?$AA@ 00000001800153d0     libucrt:lcidtoname_downlevel.obj
[...]
 0004:00000aec       $pdata$?getSystemCP@@YAHH@Z 000000018001faec     libucrt:mbctype.obj
 0004:00000af8       $pdata$?setSBCS@@YAXPEAU__crt_multibyte_data@@@Z 000000018001faf8     libucrt:mbctype.obj
 0004:00000b04       $pdata$?setSBUpLow@@YAXPEAU__crt_multibyte_data@@@Z 000000018001fb04     libucrt:mbctype.obj
 0004:00000b10       $pdata$?setmbcp_internal@@YAHH_N@Z 000000018001fb10     libucrt:mbctype.obj
 0004:00000b1c       $pdata$__acrt_initialize_multibyte 000000018001fb1c     libucrt:mbctype.obj
 0004:00000b28       $pdata$__acrt_update_thread_multibyte_data 000000018001fb28     libucrt:mbctype.obj
 0004:00000b34       $pdata$_setmbcp_nolock     000000018001fb34     libucrt:mbctype.obj
 0004:00000b40       $pdata$?x_ismbbtype_l@@YAHPEAU__crt_locale_pointers@@IHH@Z 000000018001fb40     libucrt:ismbbyte.obj
 0004:00000b4c       $pdata$__acrt_initialize_command_line 000000018001fb4c     libucrt:argv_data.obj
 0004:00000b58       $pdata$__dcrt_get_narrow_environment_from_os 000000018001fb58     libucrt:get_environment_from_os.obj
 0004:00000b64       $pdata$_recalloc_base      000000018001fb64     libucrt:recalloc.obj
 0004:00000b70       $pdata$__acrt_initialize_heap 000000018001fb70     libucrt:heap_handle.obj
 0004:00000b7c       $pdata$?initialize_inherited_file_handles_nolock@@YAXXZ 000000018001fb7c     libucrt:ioinit.obj
 0004:00000b88       $pdata$?initialize_stdio_handles_nolock@@YAXXZ 000000018001fb88     libucrt:ioinit.obj
 0004:00000b94       $pdata$__acrt_initialize_lowio 000000018001fb94     libucrt:ioinit.obj
 0004:00000ba0       $pdata$__acrt_uninitialize_lowio 000000018001fba0     libucrt:ioinit.obj
 0004:00000bac       $pdata$__acrt_execute_initializers 000000018001fbac     libucrt:shared_initialization.obj
 0004:00000bb8       $pdata$__acrt_execute_uninitializers 000000018001fbb8     libucrt:shared_initialization.obj
 0004:00000bc4       $pdata$??$?RV<lambda_c36588078e9f5dfd39652860aa6b3aaf>@@AEAV<lambda_ec61778202f4f5fc7e7711acc23c3bca>@@V<lambda_dc9d2797ccde5d239b4a0efae8ebd7db>@@@?$__crt_seh_guarded_call@P6AXH@Z@@QEAAP6AXH@Z$$QEAV<lambda_c36588078e9f5dfd39652860aa6b3aaf>@@AEAV<lambda_ec61778202f4f5fc7e7711acc23c3bca>@@$$QEAV<lambda_dc9d2797ccde5d239b4a0efae8ebd7db>@@@Z 000000018001fbc4     libucrt:signal.obj
 0004:00000bd0       $pdata$__acrt_get_sigabrt_handler 000000018001fbd0     libucrt:signal.obj
 0004:00000bdc       $pdata$raise               000000018001fbdc     libucrt:signal.obj
 0004:00000be8       $pdata$__acrt_invoke_user_matherr 000000018001fbe8     libucrt:matherr.obj
 0004:00000bf4       $pdata$_mbtowc_l           000000018001fbf4     libucrt:mbtowc.obj
 0004:00000c00       $pdata$_fileno             000000018001fc00     libucrt:fileno.obj
 0004:00000c0c       $pdata$__acrt_initialize_stdio 000000018001fc0c     libucrt:_file.obj
 0004:00000c18       $pdata$__acrt_uninitialize_stdio 000000018001fc18     libucrt:_file.obj
 0004:00000c24       $pdata$__pctype_func       000000018001fc24     libucrt:ctype.obj
 0004:00000c30       $pdata$_isctype_l          000000018001fc30     libucrt:isctype.obj
 0004:00000c3c       $pdata$__acrt_free_locale  000000018001fc3c     libucrt:locale_refcounting.obj
 0004:00000c48       $pdata$__acrt_locale_free_lc_time_if_unreferenced 000000018001fc48     libucrt:locale_refcounting.obj
 0004:00000c54       $pdata$__acrt_release_locale_ref 000000018001fc54     libucrt:locale_refcounting.obj
 0004:00000c60       $pdata$__acrt_update_thread_locale_data 000000018001fc60     libucrt:locale_refcounting.obj
 0004:00000c6c       $pdata$_updatetlocinfoEx_nolock 000000018001fc6c     libucrt:locale_refcounting.obj
 0004:00000c78       $pdata$_isleadbyte_l       000000018001fc78     libucrt:_wctype.obj
 0004:00000c84       $pdata$?__acrt_LCMapStringA_stat@@YAHPEAU__crt_locale_pointers@@PEB_WKPEBDHPEADHHH@Z 000000018001fc84     libucrt:lcmapstringa.obj
 0004:00000c90       $pdata$__acrt_LCMapStringA 000000018001fc90     libucrt:lcmapstringa.obj
 0004:00000c9c       $pdata$__acrt_locale_free_monetary 000000018001fc9c     libucrt:initmon.obj
 0004:00000ca8       $pdata$__acrt_locale_free_numeric 000000018001fca8     libucrt:initnum.obj
 0004:00000cb4       $pdata$?free_crt_array_internal@@YAXQEAPEBX_K@Z 000000018001fcb4     libucrt:inittime.obj
 0004:00000cc0       $pdata$__acrt_locale_free_time 000000018001fcc0     libucrt:inittime.obj
 0004:00000ccc       $pdata$__acrt_GetStringTypeA 000000018001fccc     libucrt:getstringtypea.obj
 0004:00000cd8       $pdata$?GetTableIndexFromLocaleName@@YAHPEB_W@Z 000000018001fcd8     libucrt:lcidtoname_downlevel.obj
 0004:00000ce4       $pdata$__acrt_DownlevelLocaleNameToLCID 000000018001fce4     libucrt:lcidtoname_downlevel.obj
 0004:00000cf0       $pdata$?shortsort@@YAXPEAD0_KP6AHPEBX2@Z@Z 000000018001fcf0     libucrt:qsort.obj
 0004:00000cfc       $pdata$2$?shortsort@@YAXPEAD0_KP6AHPEBX2@Z@Z 000000018001fcfc     libucrt:qsort.obj
 0004:00000d08       $pdata$3$?shortsort@@YAXPEAD0_KP6AHPEBX2@Z@Z 000000018001fd08     libucrt:qsort.obj
 0004:00000d14       $pdata$qsort               000000018001fd14     libucrt:qsort.obj
 0004:00000d20       $pdata$4$qsort             000000018001fd20     libucrt:qsort.obj
 0004:00000d2c       $pdata$5$qsort             000000018001fd2c     libucrt:qsort.obj
 0004:00000d38       $pdata$strncpy_s           000000018001fd38     libucrt:strncpy_s.obj
 0004:00000d44       $pdata$strpbrk             000000018001fd44     libucrt:strpbrk.obj
 0004:00000d50       $pdata$_mbsdec_l           000000018001fd50     libucrt:mbsdec.obj
 0004:00000d5c       $pdata$?initialize_multibyte@@YAHXZ 000000018001fd5c     libucrt:multibyte_initializer.obj
 0004:00000d68       $pdata$_msize              000000018001fd68     libucrt:msize.obj
 0004:00000d74       $pdata$_realloc_base       000000018001fd74     libucrt:realloc_base.obj
 0004:00000d80       $pdata$__acrt_lowio_create_handle_array 000000018001fd80     libucrt:osfinfo.obj
 0004:00000d8c       $pdata$__acrt_lowio_destroy_handle_array 000000018001fd8c     libucrt:osfinfo.obj
 0004:00000d98       $pdata$__acrt_lowio_ensure_fh_exists 000000018001fd98     libucrt:osfinfo.obj
 0004:00000da4       $pdata$_free_osfhnd        000000018001fda4     libucrt:osfinfo.obj
 0004:00000db0       $pdata$_get_osfhandle      000000018001fdb0     libucrt:osfinfo.obj
 0004:00000dbc       $pdata$_isatty             000000018001fdbc     libucrt:isatty.obj
 0004:00000dc8       $pdata$__acrt_stdio_flush_nolock 000000018001fdc8     libucrt:fflush.obj
 0004:00000dd4       $pdata$_fflush_nolock      000000018001fdd4     libucrt:fflush.obj
 0004:00000de0       $pdata$common_flush_all    000000018001fde0     libucrt:fflush.obj
 0004:00000dec       $pdata$_fcloseall          000000018001fdec     libucrt:closeall.obj
 0004:00000df8       $pdata$__acrt_stdio_free_buffer_nolock 000000018001fdf8     libucrt:_freebuf.obj
 0004:00000e04       $pdata$??$?RV<lambda_b521505b218e5242e90febf6bfebc422>@@AEAV<lambda_6978c1fb23f02e42e1d9e99668cc68aa>@@V<lambda_314360699dd331753a4119843814e9a7>@@@?$__crt_seh_guarded_call@H@@QEAAH$$QEAV<lambda_b521505b218e5242e90febf6bfebc422>@@AEAV<lambda_6978c1fb23f02e42e1d9e99668cc68aa>@@$$QEAV<lambda_314360699dd331753a4119843814e9a7>@@@Z 000000018001fe04     libucrt:commit.obj
 0004:00000e10       $pdata$_commit             000000018001fe10     libucrt:commit.obj
 0004:00000e1c       $pdata$?write_double_translated_ansi_nolock@@YA?AUwrite_result@?A0x9c548279@@HQEBDI@Z 000000018001fe1c     libucrt:write.obj
 0004:00000e28       $pdata$?write_text_ansi_nolock@@YA?AUwrite_result@?A0x9c548279@@HQEBDI@Z 000000018001fe28     libucrt:write.obj
 0004:00000e34       $pdata$?write_text_utf16le_nolock@@YA?AUwrite_result@?A0x9c548279@@HQEBDI@Z 000000018001fe34     libucrt:write.obj
 0004:00000e40       $pdata$?write_text_utf8_nolock@@YA?AUwrite_result@?A0x9c548279@@HQEBDI@Z 000000018001fe40     libucrt:write.obj
 0004:00000e4c       $pdata$_write              000000018001fe4c     libucrt:write.obj
 0004:00000e58       $pdata$_write_nolock       000000018001fe58     libucrt:write.obj
 0004:00000e70       $pdata$??$common_lseek_nolock@_J@@YA_JH_JH@Z 000000018001fe70     libucrt:lseek.obj
 0004:00000e7c       $pdata$_fclose_nolock      000000018001fe7c     libucrt:fclose.obj
 0004:00000e88       $pdata$fclose              000000018001fe88     libucrt:fclose.obj
 0004:00000e94       $pdata$_putwch_nolock      000000018001fe94     libucrt:putwch.obj
 0004:00000ea0       $pdata$_call_matherr       000000018001fea0     libucrt:libm_error.obj
 0004:00000eac       $pdata$_exception_enabled  000000018001feac     libucrt:libm_error.obj
 0004:00000eb8       $pdata$_handle_error       000000018001feb8     libucrt:libm_error.obj
 0004:00000ec4       $pdata$__acrt_initialize_fma3 000000018001fec4     libucrt:fma3_available.obj
 0004:00000ed0       $pdata$_log10_special      000000018001fed0     libucrt:log_special.obj
 0004:00000edc       $pdata$_log_special_common 000000018001fedc     libucrt:log_special.obj
 0004:00000ee8       $pdata$??$?RV<lambda_bfedae4ebbf01fab1bb6dcc6a9e276e0>@@AEAV<lambda_2fe9b910cf3cbf4a0ab98a02ba45b3ec>@@V<lambda_237c231691f317818eb88cc1d5d642d6>@@@?$__crt_seh_guarded_call@H@@QEAAH$$QEAV<lambda_bfedae4ebbf01fab1bb6dcc6a9e276e0>@@AEAV<lambda_2fe9b910cf3cbf4a0ab98a02ba45b3ec>@@$$QEAV<lambda_237c231691f317818eb88cc1d5d642d6>@@@Z 000000018001fee8     libucrt:close.obj
 0004:00000ef4       $pdata$_close              000000018001fef4     libucrt:close.obj
 0004:00000f00       $pdata$_close_nolock       000000018001ff00     libucrt:close.obj
 0004:00000f0c       $pdata$__dcrt_lowio_initialize_console_output 000000018001ff0c     libucrt:initcon.obj
 0004:00000f18       $pdata$__dcrt_terminate_console_output 000000018001ff18     libucrt:initcon.obj
 0004:00000f30       $pdata$_raise_exc          000000018001ff30     libucrt:fpexcept.obj
 0004:00000f3c       $pdata$_raise_exc_ex       000000018001ff3c     libucrt:fpexcept.obj
 0004:00000f48       $pdata$_set_errno_from_matherr 000000018001ff48     libucrt:fpexcept.obj
 0004:00000f54       $pdata$_clrfp              000000018001ff54     libucrt:fpctrl.obj
 0004:00000f60       $pdata$_ctrlfp             000000018001ff60     libucrt:fpctrl.obj
 0004:00000f6c       $pdata$_set_statfp         000000018001ff6c     libucrt:fpctrl.obj
 0004:00000f78       $pdata$_statfp             000000018001ff78     libucrt:fpctrl.obj
 0004:00000f84       $pdata$?DloadAcquireSectionWriteAccess@@YAXXZ 000000018001ff84     DelayImp:delayhlp.obj
 0004:00000f90       $pdata$?DloadGetSRWLockFunctionPointers@@YAEXZ 000000018001ff90     DelayImp:delayhlp.obj
 0004:00000f9c       $pdata$?DloadMakePermanentImageCommit@@YAXPEAX_K@Z 000000018001ff9c     DelayImp:delayhlp.obj
 0004:00000fa8       $pdata$?DloadObtainSection@@YAPEAXPEAK0@Z 000000018001ffa8     DelayImp:delayhlp.obj
 0004:00000fb4       $pdata$?DloadProtectSection@@YAXKPEAK@Z 000000018001ffb4     DelayImp:delayhlp.obj
 0004:00000fc0       $pdata$?DloadReleaseSectionWriteAccess@@YAXXZ 000000018001ffc0     DelayImp:delayhlp.obj
 0004:00000fcc       $pdata$__delayLoadHelper2  000000018001ffcc     DelayImp:delayhlp.obj
 0004:00000fd8       $pdata$_IsNonwritableInCurrentImage 000000018001ffd8     LIBCMT:pesect.obj
 0004:00000fe4       $pdata$__GSHandlerCheck    000000018001ffe4     LIBCMT:_gshandler_.obj
 0004:00000ff0       $pdata$__GSHandlerCheckCommon 000000018001fff0     LIBCMT:_gshandler_.obj
 0004:00001020       $pdata$__scrt_is_nonwritable_in_current_image$filt$0 0000000180020020     LIBCMT:utility.obj
 0004:0000102c       $pdata$?fin$0@?0??dllmain_crt_process_attach@@YAHQEAUHINSTANCE__@@QEAX@Z@4HA 000000018002002c     LIBCMT:dll_dllmain.obj
 0004:00001038       $pdata$?fin$0@?0??dllmain_crt_process_detach@@YAH_N@Z@4HA 0000000180020038     LIBCMT:dll_dllmain.obj
 0004:00001044       $pdata$?filt$0@?0??dllmain_dispatch@@YAHQEAUHINSTANCE__@@KQEAX@Z@4HA 0000000180020044     LIBCMT:dll_dllmain.obj
 0004:00001050       $pdata$_query_new_handler$fin$0 0000000180020050     libucrt:new_handler.obj
 0004:0000105c       $pdata$?filt$0@?0??common_exit@@YAXHW4_crt_exit_cleanup_mode@@W4_crt_exit_return_mode@@@Z@4HA 000000018002005c     libucrt:exit.obj
 0004:00001068       $pdata$?fin$1@?0??common_exit@@YAXHW4_crt_exit_cleanup_mode@@W4_crt_exit_return_mode@@@Z@4HA 0000000180020068     libucrt:exit.obj
 0004:00001074       $pdata$?fin$0@?0???$?RV<lambda_e24bbb7b643b32fcea6fa61b31d4c984>@@AEAV<lambda_275893d493268fdec8709772e3fcec0e>@@V<lambda_9d71df4d7cf3f480f8d633942495c3b0>@@@?$__crt_seh_guarded_call@H@@QEAAH$$QEAV<lambda_e24bbb7b643b32fcea6fa61b31d4c984>@@AEAV<lambda_275893d493268fdec8709772e3fcec0e>@@$$QEAV<lambda_9d71df4d7cf3f480f8d633942495c3b0>@@@Z@4HA 0000000180020074     libucrt:onexit.obj
 0004:00001080       $pdata$?fin$0@?0???$?RV<lambda_99476a1ad63dd22509b5d3e65b0ffc95>@@AEAV<lambda_ad1ced32f4ac17aa236e5ef05d6b3b7c>@@V<lambda_f7424dd8d45958661754dc4f2697e9c3>@@@?$__crt_seh_guarded_call@X@@QEAAX$$QEAV<lambda_99476a1ad63dd22509b5d3e65b0ffc95>@@AEAV<lambda_ad1ced32f4ac17aa236e5ef05d6b3b7c>@@$$QEAV<lambda_f7424dd8d45958661754dc4f2697e9c3>@@@Z@4HA 0000000180020080     libucrt:mbctype.obj
 0004:00001080       $pdata$?fin$0@?0???$?RV<lambda_5e887d1dcbef67a5eb4283622ba103bf>@@AEAV<lambda_4466841279450cc726390878d4a41900>@@V<lambda_341c25c0346d94847f1f3c463c57e077>@@@?$__crt_seh_guarded_call@X@@QEAAX$$QEAV<lambda_5e887d1dcbef67a5eb4283622ba103bf>@@AEAV<lambda_4466841279450cc726390878d4a41900>@@$$QEAV<lambda_341c25c0346d94847f1f3c463c57e077>@@@Z@4HA 0000000180020080     libucrt:per_thread_data.obj
 0004:00001080       $pdata$?fin$0@?0???$?RV<lambda_c36588078e9f5dfd39652860aa6b3aaf>@@AEAV<lambda_ec61778202f4f5fc7e7711acc23c3bca>@@V<lambda_dc9d2797ccde5d239b4a0efae8ebd7db>@@@?$__crt_seh_guarded_call@P6AXH@Z@@QEAAP6AXH@Z$$QEAV<lambda_c36588078e9f5dfd39652860aa6b3aaf>@@AEAV<lambda_ec61778202f4f5fc7e7711acc23c3bca>@@$$QEAV<lambda_dc9d2797ccde5d239b4a0efae8ebd7db>@@@Z@4HA 0000000180020080     libucrt:signal.obj
 0004:00001080       $pdata$?fin$0@?0???$?RV<lambda_72d1df2b273a38828b1ce30cbf4cdab5>@@AEAV<lambda_876a65b173b8412d3a47c70a915b0cf4>@@V<lambda_41932305e351933ebe8f8be3ed8bb5dc>@@@?$__crt_seh_guarded_call@X@@QEAAX$$QEAV<lambda_72d1df2b273a38828b1ce30cbf4cdab5>@@AEAV<lambda_876a65b173b8412d3a47c70a915b0cf4>@@$$QEAV<lambda_41932305e351933ebe8f8be3ed8bb5dc>@@@Z@4HA 0000000180020080     libucrt:per_thread_data.obj
 0004:00001080       $pdata$?fin$0@?0???$?RV<lambda_b8c45f8f788dd370798f47cfe8ac3a86>@@AEAV<lambda_4e60a939b0d047cfe11ddc22648dfba9>@@V<lambda_332c3edc96d0294ec56c57d38c1cdfd5>@@@?$__crt_seh_guarded_call@H@@QEAAH$$QEAV<lambda_b8c45f8f788dd370798f47cfe8ac3a86>@@AEAV<lambda_4e60a939b0d047cfe11ddc22648dfba9>@@$$QEAV<lambda_332c3edc96d0294ec56c57d38c1cdfd5>@@@Z@4HA 0000000180020080     libucrt:onexit.obj
 0004:00001080       $pdata$?fin$0@?0???$?RV<lambda_fb3a7dec4e47f37f22dae91bb15c9095>@@AEAV<lambda_698284760c8add0bfb0756c19673e34b>@@V<lambda_dfb8eca1e75fef3034a8fb18dd509707>@@@?$__crt_seh_guarded_call@X@@QEAAX$$QEAV<lambda_fb3a7dec4e47f37f22dae91bb15c9095>@@AEAV<lambda_698284760c8add0bfb0756c19673e34b>@@$$QEAV<lambda_dfb8eca1e75fef3034a8fb18dd509707>@@@Z@4HA 0000000180020080     libucrt:per_thread_data.obj
 0004:00001080       $pdata$?fin$0@?0???$?RV<lambda_46352004c1216016012b18bd6f87e700>@@AEAV<lambda_3bd07e1a1191394380780325891bf33f>@@V<lambda_334532d3f185bcaa59b5be82d7d22bff>@@@?$__crt_seh_guarded_call@X@@QEAAX$$QEAV<lambda_46352004c1216016012b18bd6f87e700>@@AEAV<lambda_3bd07e1a1191394380780325891bf33f>@@$$QEAV<lambda_334532d3f185bcaa59b5be82d7d22bff>@@@Z@4HA 0000000180020080     libucrt:per_thread_data.obj
 0004:0000108c       $pdata$__acrt_uninitialize_locale$fin$0 000000018002008c     libucrt:wsetlocale.obj
 0004:0000108c       $pdata$__acrt_update_thread_locale_data$fin$0 000000018002008c     libucrt:locale_refcounting.obj
 0004:00001098       $pdata$__acrt_update_thread_multibyte_data$fin$0 0000000180020098     libucrt:mbctype.obj
 0004:000010a4       $pdata$__acrt_lowio_ensure_fh_exists$fin$0 00000001800200a4     libucrt:osfinfo.obj
 0004:000010a4       $pdata$__acrt_initialize_lowio$fin$0 00000001800200a4     libucrt:ioinit.obj
 0004:000010b0       $pdata$raise$fin$0         00000001800200b0     libucrt:signal.obj
 0004:000010bc       $pdata$common_flush_all$fin$0 00000001800200bc     libucrt:fflush.obj
 0004:000010c8       $pdata$common_flush_all$fin$1 00000001800200c8     libucrt:fflush.obj
 0004:000010d4       $pdata$_fcloseall$fin$0    00000001800200d4     libucrt:closeall.obj
 0004:000010e0       $pdata$_write$fin$0        00000001800200e0     libucrt:write.obj
 0004:000010ec       $pdata$fclose$fin$0        00000001800200ec     libucrt:fclose.obj
 0004:000010f8       $pdata$?fin$0@?0???$?RV<lambda_bfedae4ebbf01fab1bb6dcc6a9e276e0>@@AEAV<lambda_2fe9b910cf3cbf4a0ab98a02ba45b3ec>@@V<lambda_237c231691f317818eb88cc1d5d642d6>@@@?$__crt_seh_guarded_call@H@@QEAAH$$QEAV<lambda_bfedae4ebbf01fab1bb6dcc6a9e276e0>@@AEAV<lambda_2fe9b910cf3cbf4a0ab98a02ba45b3ec>@@$$QEAV<lambda_237c231691f317818eb88cc1d5d642d6>@@@Z@4HA 00000001800200f8     libucrt:close.obj
 0004:000010f8       $pdata$?fin$0@?0???$?RV<lambda_b521505b218e5242e90febf6bfebc422>@@AEAV<lambda_6978c1fb23f02e42e1d9e99668cc68aa>@@V<lambda_314360699dd331753a4119843814e9a7>@@@?$__crt_seh_guarded_call@H@@QEAAH$$QEAV<lambda_b521505b218e5242e90febf6bfebc422>@@AEAV<lambda_6978c1fb23f02e42e1d9e99668cc68aa>@@$$QEAV<lambda_314360699dd331753a4119843814e9a7>@@@Z@4HA 00000001800200f8     libucrt:commit.obj
 0004:00001104       $pdata$_ctrlfp$filt$0      0000000180020104     libucrt:fpctrl.obj
 0004:00001110       $pdata$_IsNonwritableInCurrentImage$filt$0 0000000180020110     LIBCMT:pesect.obj
 0005:00000000       __guard_fids__             0000000180021000     libucrt:initialization.obj
 0005:00000060       __guard_fids___acrt_initialize_ptd 0000000180021060     libucrt:per_thread_data.obj
 0005:00000064       __guard_fids_??$expand_argument_wildcards@D@@YAHQEAD0AEAV?$argument_list@D@?A0xca0879c4@@@Z 0000000180021064     libucrt:argv_wildcards.obj
 0005:00000068       __guard_fids__             0000000180021068     libucrt:locale_initializer.obj
 0005:0000006c       __guard_fids__             000000018002106c     libucrt:multibyte_initializer.obj
 0005:00000070       __guard_fids__             0000000180021070     libucrt:stdio_initializer.obj
 0005:00000074       __guard_fids__             0000000180021074     libucrt:stdio_initializer.obj
 0005:00000078       __guard_fids__             0000000180021078     libucrt:fma3_initializer.obj
 0005:0000007c       __guard_fids__             000000018002107c     libucrt:console_output_initializer.obj
 0005:00000080       __guard_fids__             0000000180021080     libcpmt:xthrow.obj
 0005:00000088       __guard_fids__             0000000180021088     libcpmt:xthrow.obj
 0005:00000090       __guard_fids__             0000000180021090     libcpmt:xthrow.obj
 0005:00000098       __guard_fids__             0000000180021098     libcpmt:xthrow.obj
 0005:000000a0       __guard_fids__             00000001800210a0     libcpmt:xthrow.obj
 0005:000000a8       __guard_fids_?dllmain_crt_process_attach@@YAHQEAUHINSTANCE__@@QEAX@Z 00000001800210a8     LIBCMT:dll_dllmain.obj
 0005:000000b0       __guard_fids_?dllmain_dispatch@@YAHQEAUHINSTANCE__@@KQEAX@Z 00000001800210b0     LIBCMT:dll_dllmain.obj
 0005:000000b4       __guard_fids__             00000001800210b4     LIBCMT:std_type_info_static.obj
 0005:000000b8       __guard_fids__             00000001800210b8     LIBCMT:throw_bad_alloc.obj
 0005:000000c0       __guard_fids__             00000001800210c0     LIBCMT:guard_support.obj
 0005:000000c4       __guard_fids___vcrt_initialize_ptd 00000001800210c4     libvcruntime:per_thread_data.obj
 0006:00000060       $R000000                   0000000180022060     * linker generated manifest res *

 Exports

  ordinal    name

        1    _register_memoryjs_
